Archive member included to satisfy reference by file (symbol)

c:/st/stm32cubeide_1.0.1/stm32cubeide/plugins/com.st.stm32cube.ide.mcu.externaltools.gnu-tools-for-stm32.7-2018-q2-update.win32_1.4.0.202007081208/tools/bin/../lib/gcc/arm-none-eabi/7.3.1/../../../../arm-none-eabi/lib/thumb/v6-m\libc_nano.a(lib_a-errno.o)
                              Core/Src/syscalls.o (__errno)
c:/st/stm32cubeide_1.0.1/stm32cubeide/plugins/com.st.stm32cube.ide.mcu.externaltools.gnu-tools-for-stm32.7-2018-q2-update.win32_1.4.0.202007081208/tools/bin/../lib/gcc/arm-none-eabi/7.3.1/../../../../arm-none-eabi/lib/thumb/v6-m\libc_nano.a(lib_a-exit.o)
                              c:/st/stm32cubeide_1.0.1/stm32cubeide/plugins/com.st.stm32cube.ide.mcu.externaltools.gnu-tools-for-stm32.7-2018-q2-update.win32_1.4.0.202007081208/tools/bin/../lib/gcc/arm-none-eabi/7.3.1/../../../../arm-none-eabi/lib/thumb/v6-m/crt0.o (exit)
c:/st/stm32cubeide_1.0.1/stm32cubeide/plugins/com.st.stm32cube.ide.mcu.externaltools.gnu-tools-for-stm32.7-2018-q2-update.win32_1.4.0.202007081208/tools/bin/../lib/gcc/arm-none-eabi/7.3.1/../../../../arm-none-eabi/lib/thumb/v6-m\libc_nano.a(lib_a-impure.o)
                              c:/st/stm32cubeide_1.0.1/stm32cubeide/plugins/com.st.stm32cube.ide.mcu.externaltools.gnu-tools-for-stm32.7-2018-q2-update.win32_1.4.0.202007081208/tools/bin/../lib/gcc/arm-none-eabi/7.3.1/../../../../arm-none-eabi/lib/thumb/v6-m\libc_nano.a(lib_a-exit.o) (_global_impure_ptr)
c:/st/stm32cubeide_1.0.1/stm32cubeide/plugins/com.st.stm32cube.ide.mcu.externaltools.gnu-tools-for-stm32.7-2018-q2-update.win32_1.4.0.202007081208/tools/bin/../lib/gcc/arm-none-eabi/7.3.1/../../../../arm-none-eabi/lib/thumb/v6-m\libc_nano.a(lib_a-init.o)
                              c:/st/stm32cubeide_1.0.1/stm32cubeide/plugins/com.st.stm32cube.ide.mcu.externaltools.gnu-tools-for-stm32.7-2018-q2-update.win32_1.4.0.202007081208/tools/bin/../lib/gcc/arm-none-eabi/7.3.1/../../../../arm-none-eabi/lib/thumb/v6-m/crt0.o (__libc_init_array)
c:/st/stm32cubeide_1.0.1/stm32cubeide/plugins/com.st.stm32cube.ide.mcu.externaltools.gnu-tools-for-stm32.7-2018-q2-update.win32_1.4.0.202007081208/tools/bin/../lib/gcc/arm-none-eabi/7.3.1/../../../../arm-none-eabi/lib/thumb/v6-m\libc_nano.a(lib_a-memmove.o)
                              Core/Inc/ssd1306_tests.o (memmove)
c:/st/stm32cubeide_1.0.1/stm32cubeide/plugins/com.st.stm32cube.ide.mcu.externaltools.gnu-tools-for-stm32.7-2018-q2-update.win32_1.4.0.202007081208/tools/bin/../lib/gcc/arm-none-eabi/7.3.1/../../../../arm-none-eabi/lib/thumb/v6-m\libc_nano.a(lib_a-memset.o)
                              c:/st/stm32cubeide_1.0.1/stm32cubeide/plugins/com.st.stm32cube.ide.mcu.externaltools.gnu-tools-for-stm32.7-2018-q2-update.win32_1.4.0.202007081208/tools/bin/../lib/gcc/arm-none-eabi/7.3.1/../../../../arm-none-eabi/lib/thumb/v6-m/crt0.o (memset)
c:/st/stm32cubeide_1.0.1/stm32cubeide/plugins/com.st.stm32cube.ide.mcu.externaltools.gnu-tools-for-stm32.7-2018-q2-update.win32_1.4.0.202007081208/tools/bin/../lib/gcc/arm-none-eabi/7.3.1/../../../../arm-none-eabi/lib/thumb/v6-m\libc_nano.a(lib_a-nano-vfprintf_float.o)
                              (_printf_float)
c:/st/stm32cubeide_1.0.1/stm32cubeide/plugins/com.st.stm32cube.ide.mcu.externaltools.gnu-tools-for-stm32.7-2018-q2-update.win32_1.4.0.202007081208/tools/bin/../lib/gcc/arm-none-eabi/7.3.1/../../../../arm-none-eabi/lib/thumb/v6-m\libc_nano.a(lib_a-nano-vfprintf_i.o)
                              c:/st/stm32cubeide_1.0.1/stm32cubeide/plugins/com.st.stm32cube.ide.mcu.externaltools.gnu-tools-for-stm32.7-2018-q2-update.win32_1.4.0.202007081208/tools/bin/../lib/gcc/arm-none-eabi/7.3.1/../../../../arm-none-eabi/lib/thumb/v6-m\libc_nano.a(lib_a-nano-vfprintf_float.o) (_printf_common)
c:/st/stm32cubeide_1.0.1/stm32cubeide/plugins/com.st.stm32cube.ide.mcu.externaltools.gnu-tools-for-stm32.7-2018-q2-update.win32_1.4.0.202007081208/tools/bin/../lib/gcc/arm-none-eabi/7.3.1/../../../../arm-none-eabi/lib/thumb/v6-m\libc_nano.a(lib_a-printf.o)
                              Core/Src/max6675.o (printf)
c:/st/stm32cubeide_1.0.1/stm32cubeide/plugins/com.st.stm32cube.ide.mcu.externaltools.gnu-tools-for-stm32.7-2018-q2-update.win32_1.4.0.202007081208/tools/bin/../lib/gcc/arm-none-eabi/7.3.1/../../../../arm-none-eabi/lib/thumb/v6-m\libc_nano.a(lib_a-snprintf.o)
                              Core/Inc/ssd1306_tests.o (snprintf)
c:/st/stm32cubeide_1.0.1/stm32cubeide/plugins/com.st.stm32cube.ide.mcu.externaltools.gnu-tools-for-stm32.7-2018-q2-update.win32_1.4.0.202007081208/tools/bin/../lib/gcc/arm-none-eabi/7.3.1/../../../../arm-none-eabi/lib/thumb/v6-m\libc_nano.a(lib_a-sprintf.o)
                              Core/Src/main.o (sprintf)
c:/st/stm32cubeide_1.0.1/stm32cubeide/plugins/com.st.stm32cube.ide.mcu.externaltools.gnu-tools-for-stm32.7-2018-q2-update.win32_1.4.0.202007081208/tools/bin/../lib/gcc/arm-none-eabi/7.3.1/../../../../arm-none-eabi/lib/thumb/v6-m\libc_nano.a(lib_a-strlen.o)
[...]
Memory Configuration

Name             Origin             Length             Attributes
RAM              0x0000000020000000 0x0000000000005000 xrw
FLASH            0x0000000008000000 0x0000000000030000 xr
*default*        0x0000000000000000 0xffffffffffffffff

Linker script and memory map

LOAD c:/st/stm32cubeide_1.0.1/stm32cubeide/plugins/com.st.stm32cube.ide.mcu.externaltools.gnu-tools-for-stm32.7-2018-q2-update.win32_1.4.0.202007081208/tools/bin/../lib/gcc/arm-none-eabi/7.3.1/thumb/v6-m/crti.o
LOAD c:/st/stm32cubeide_1.0.1/stm32cubeide/plugins/com.st.stm32cube.ide.mcu.externaltools.gnu-tools-for-stm32.7-2018-q2-update.win32_1.4.0.202007081208/tools/bin/../lib/gcc/arm-none-eabi/7.3.1/thumb/v6-m/crtbegin.o
LOAD c:/st/stm32cubeide_1.0.1/stm32cubeide/plugins/com.st.stm32cube.ide.mcu.externaltools.gnu-tools-for-stm32.7-2018-q2-update.win32_1.4.0.202007081208/tools/bin/../lib/gcc/arm-none-eabi/7.3.1/../../../../arm-none-eabi/lib/thumb/v6-m/crt0.o
LOAD Core/Inc/ssd1306.o
LOAD Core/Inc/ssd1306_fonts.o
LOAD Core/Inc/ssd1306_tests.o
LOAD Core/Src/main.o
LOAD Core/Src/max31855.o
LOAD Core/Src/max6675.o
LOAD Core/Src/stm32l0xx_hal_msp.o
LOAD Core/Src/stm32l0xx_it.o
LOAD Core/Src/syscalls.o
LOAD Core/Src/sysmem.o
LOAD Core/Src/system_stm32l0xx.o
LOAD Core/Startup/startup_stm32l072kztx.o
LOAD Drivers/STM32L0xx_HAL_Driver/Src/stm32l0xx_hal.o
LOAD Drivers/STM32L0xx_HAL_Driver/Src/stm32l0xx_hal_cortex.o
LOAD Drivers/STM32L0xx_HAL_Driver/Src/stm32l0xx_hal_dma.o
LOAD Drivers/STM32L0xx_HAL_Driver/Src/stm32l0xx_hal_flash.o
LOAD Drivers/STM32L0xx_HAL_Driver/Src/stm32l0xx_hal_flash_ex.o
LOAD Drivers/STM32L0xx_HAL_Driver/Src/stm32l0xx_hal_flash_ramfunc.o
LOAD Drivers/STM32L0xx_HAL_Driver/Src/stm32l0xx_hal_gpio.o
LOAD Drivers/STM32L0xx_HAL_Driver/Src/stm32l0xx_hal_i2c.o
LOAD Drivers/STM32L0xx_HAL_Driver/Src/stm32l0xx_hal_i2c_ex.o
LOAD Drivers/STM32L0xx_HAL_Driver/Src/stm32l0xx_hal_pcd.o
LOAD Drivers/STM32L0xx_HAL_Driver/Src/stm32l0xx_hal_pcd_ex.o
LOAD Drivers/STM32L0xx_HAL_Driver/Src/stm32l0xx_hal_pwr.o
LOAD Drivers/STM32L0xx_HAL_Driver/Src/stm32l0xx_hal_pwr_ex.o
LOAD Drivers/STM32L0xx_HAL_Driver/Src/stm32l0xx_hal_rcc.o
LOAD Drivers/STM32L0xx_HAL_Driver/Src/stm32l0xx_hal_rcc_ex.o
LOAD Drivers/STM32L0xx_HAL_Driver/Src/stm32l0xx_hal_spi.o
LOAD Drivers/STM32L0xx_HAL_Driver/Src/stm32l0xx_hal_tim.o
LOAD Drivers/STM32L0xx_HAL_Driver/Src/stm32l0xx_hal_tim_ex.o
LOAD Drivers/STM32L0xx_HAL_Driver/Src/stm32l0xx_ll_usb.o
LOAD Middlewares/ST/STM32_USB_Device_Library/Class/CDC/Src/usbd_cdc.o
LOAD Middlewares/ST/STM32_USB_Device_Library/Core/Src/usbd_core.o
LOAD Middlewares/ST/STM32_USB_Device_Library/Core/Src/usbd_ctlreq.o
LOAD Middlewares/ST/STM32_USB_Device_Library/Core/Src/usbd_ioreq.o
LOAD USB_DEVICE/App/usb_device.o
LOAD USB_DEVICE/App/usbd_cdc_if.o
LOAD USB_DEVICE/App/usbd_desc.o
LOAD USB_DEVICE/Target/usbd_conf.o
START GROUP
LOAD c:/st/stm32cubeide_1.0.1/stm32cubeide/plugins/com.st.stm32cube.ide.mcu.externaltools.gnu-tools-for-stm32.7-2018-q2-update.win32_1.4.0.202007081208/tools/bin/../lib/gcc/arm-none-eabi/7.3.1/../../../../arm-none-eabi/lib/thumb/v6-m\libc_nano.a
LOAD c:/st/stm32cubeide_1.0.1/stm32cubeide/plugins/com.st.stm32cube.ide.mcu.externaltools.gnu-tools-for-stm32.7-2018-q2-update.win32_1.4.0.202007081208/tools/bin/../lib/gcc/arm-none-eabi/7.3.1/../../../../arm-none-eabi/lib/thumb/v6-m\libm.a
END GROUP
START GROUP
LOAD c:/st/stm32cubeide_1.0.1/stm32cubeide/plugins/com.st.stm32cube.ide.mcu.externaltools.gnu-tools-for-stm32.7-2018-q2-update.win32_1.4.0.202007081208/tools/bin/../lib/gcc/arm-none-eabi/7.3.1/thumb/v6-m\libgcc.a
LOAD c:/st/stm32cubeide_1.0.1/stm32cubeide/plugins/com.st.stm32cube.ide.mcu.externaltools.gnu-tools-for-stm32.7-2018-q2-update.win32_1.4.0.202007081208/tools/bin/../lib/gcc/arm-none-eabi/7.3.1/../../../../arm-none-eabi/lib/thumb/v6-m\libc_nano.a
END GROUP
START GROUP
LOAD c:/st/stm32cubeide_1.0.1/stm32cubeide/plugins/com.st.stm32cube.ide.mcu.externaltools.gnu-tools-for-stm32.7-2018-q2-update.win32_1.4.0.202007081208/tools/bin/../lib/gcc/arm-none-eabi/7.3.1/thumb/v6-m\libgcc.a
LOAD c:/st/stm32cubeide_1.0.1/stm32cubeide/plugins/com.st.stm32cube.ide.mcu.externaltools.gnu-tools-for-stm32.7-2018-q2-update.win32_1.4.0.202007081208/tools/bin/../lib/gcc/arm-none-eabi/7.3.1/../../../../arm-none-eabi/lib/thumb/v6-m\libc_nano.a
LOAD c:/st/stm32cubeide_1.0.1/stm32cubeide/plugins/com.st.stm32cube.ide.mcu.externaltools.gnu-tools-for-stm32.7-2018-q2-update.win32_1.4.0.202007081208/tools/bin/../lib/gcc/arm-none-eabi/7.3.1/../../../../arm-none-eabi/lib/thumb/v6-m\libnosys.a
END GROUP
START GROUP
LOAD c:/st/stm32cubeide_1.0.1/stm32cubeide/plugins/com.st.stm32cube.ide.mcu.externaltools.gnu-tools-for-stm32.7-2018-q2-update.win32_1.4.0.202007081208/tools/bin/../lib/gcc/arm-none-eabi/7.3.1/thumb/v6-m\libgcc.a
LOAD c:/st/stm32cubeide_1.0.1/stm32cubeide/plugins/com.st.stm32cube.ide.mcu.externaltools.gnu-tools-for-stm32.7-2018-q2-update.win32_1.4.0.202007081208/tools/bin/../lib/gcc/arm-none-eabi/7.3.1/../../../../arm-none-eabi/lib/thumb/v6-m\libc_nano.a
LOAD c:/st/stm32cubeide_1.0.1/stm32cubeide/plugins/com.st.stm32cube.ide.mcu.externaltools.gnu-tools-for-stm32.7-2018-q2-update.win32_1.4.0.202007081208/tools/bin/../lib/gcc/arm-none-eabi/7.3.1/../../../../arm-none-eabi/lib/thumb/v6-m\libnosys.a
END GROUP
LOAD c:/st/stm32cubeide_1.0.1/stm32cubeide/plugins/com.st.stm32cube.ide.mcu.externaltools.gnu-tools-for-stm32.7-2018-q2-update.win32_1.4.0.202007081208/tools/bin/../lib/gcc/arm-none-eabi/7.3.1/thumb/v6-m/crtend.o
LOAD c:/st/stm32cubeide_1.0.1/stm32cubeide/plugins/com.st.stm32cube.ide.mcu.externaltools.gnu-tools-for-stm32.7-2018-q2-update.win32_1.4.0.202007081208/tools/bin/../lib/gcc/arm-none-eabi/7.3.1/thumb/v6-m/crtn.o
                0x0000000020005000                _estack = (ORIGIN (RAM) + LENGTH (RAM))
                0x0000000000000200                _Min_Heap_Size = 0x200
                0x0000000000000400                _Min_Stack_Size = 0x400

.isr_vector     0x0000000008000000       0xc0
                0x0000000008000000                . = ALIGN (0x4)
 *(.isr_vector)
 .isr_vector    0x0000000008000000       0xc0 Core/Startup/startup_stm32l072kztx.o
                0x0000000008000000                g_pfnVectors
                0x00000000080000c0                . = ALIGN (0x4)

.text           0x00000000080000c0     0xe494
                0x00000000080000c0                . = ALIGN (0x4)
 *(.text)
 .text          0x00000000080000c0       0x48 c:/st/stm32cubeide_1.0.1/stm32cubeide/plugins/com.st.stm32cube.ide.mcu.externaltools.gnu-tools-for-stm32.7-2018-q2-update.win32_1.4.0.202007081208/tools/bin/../lib/gcc/arm-none-eabi/7.3.1/thumb/v6-m/crtbegin.o
 .text          0x0000000008000108        0xe c:/st/stm32cubeide_1.0.1/stm32cubeide/plugins/com.st.stm32cube.ide.mcu.externaltools.gnu-tools-for-stm32.7-2018-q2-update.win32_1.4.0.202007081208/tools/bin/../lib/gcc/arm-none-eabi/7.3.1/../../../../arm-none-eabi/lib/thumb/v6-m\libc_nano.a(lib_a-strlen.o)
                0x0000000008000108                strlen
 *fill*         0x0000000008000116        0x2 
 .text          0x0000000008000118       0x14 c:/st/stm32cubeide_1.0.1/stm32cubeide/plugins/com.st.stm32cube.ide.mcu.externaltools.gnu-tools-for-stm32.7-2018-q2-update.win32_1.4.0.202007081208/tools/bin/../lib/gcc/arm-none-eabi/7.3.1/thumb/v6-m\libgcc.a(_thumb1_case_uqi.o)
                0x0000000008000118                __gnu_thumb1_case_uqi
 .text          0x000000000800012c      0x114 c:/st/stm32cubeide_1.0.1/stm32cubeide/plugins/com.st.stm32cube.ide.mcu.externaltools.gnu-tools-for-stm32.7-2018-q2-update.win32_1.4.0.202007081208/tools/bin/../lib/gcc/arm-none-eabi/7.3.1/thumb/v6-m\libgcc.a(_udivsi3.o)
                0x000000000800012c                __aeabi_uidiv
                0x000000000800012c                __udivsi3
                0x0000000008000238                __aeabi_uidivmod
 .text          0x0000000008000240      0x1d4 c:/st/stm32cubeide_1.0.1/stm32cubeide/plugins/com.st.stm32cube.ide.mcu.externaltools.gnu-tools-for-stm32.7-2018-q2-update.win32_1.4.0.202007081208/tools/bin/../lib/gcc/arm-none-eabi/7.3.1/thumb/v6-m\libgcc.a(_divsi3.o)
                0x0000000008000240                __divsi3
                0x0000000008000240                __aeabi_idiv
                0x000000000800040c                __aeabi_idivmod
 .text          0x0000000008000414        0x4 c:/st/stm32cubeide_1.0.1/stm32cubeide/plugins/com.st.stm32cube.ide.mcu.externaltools.gnu-tools-for-stm32.7-2018-q2-update.win32_1.4.0.202007081208/tools/bin/../lib/gcc/arm-none-eabi/7.3.1/thumb/v6-m\libgcc.a(_dvmd_tls.o)
                0x0000000008000414                __aeabi_idiv0
                0x0000000008000414                __aeabi_ldiv0
 .text          0x0000000008000418       0x7c c:/st/stm32cubeide_1.0.1/stm32cubeide/plugins/com.st.stm32cube.ide.mcu.externaltools.gnu-tools-for-stm32.7-2018-q2-update.win32_1.4.0.202007081208/tools/bin/../lib/gcc/arm-none-eabi/7.3.1/thumb/v6-m\libgcc.a(_arm_cmpdf2.o)
                0x0000000008000418                __aeabi_cdrcmple
                0x0000000008000428                __aeabi_cdcmple
                0x0000000008000428                __aeabi_cdcmpeq
                0x0000000008000438                __aeabi_dcmpeq
                0x0000000008000444                __aeabi_dcmplt
                0x0000000008000458                __aeabi_dcmple
                0x000000000800046c                __aeabi_dcmpgt
                0x0000000008000480                __aeabi_dcmpge
 .text          0x0000000008000494       0x74 c:/st/stm32cubeide_1.0.1/stm32cubeide/plugins/com.st.stm32cube.ide.mcu.externaltools.gnu-tools-for-stm32.7-2018-q2-update.win32_1.4.0.202007081208/tools/bin/../lib/gcc/arm-none-eabi/7.3.1/thumb/v6-m\libgcc.a(_arm_cmpsf2.o)
                0x0000000008000494                __aeabi_cfrcmple
                0x000000000800049c                __aeabi_cfcmpeq
                0x000000000800049c                __aeabi_cfcmple
                0x00000000080004ac                __aeabi_fcmpeq
                0x00000000080004b8                __aeabi_fcmplt
                0x00000000080004cc                __aeabi_fcmple
                0x00000000080004e0                __aeabi_fcmpgt
                0x00000000080004f4                __aeabi_fcmpge
 .text          0x0000000008000508       0x50 c:/st/stm32cubeide_1.0.1/stm32cubeide/plugins/com.st.stm32cube.ide.mcu.externaltools.gnu-tools-for-stm32.7-2018-q2-update.win32_1.4.0.202007081208/tools/bin/../lib/gcc/arm-none-eabi/7.3.1/thumb/v6-m\libgcc.a(eqsf2.o)
                0x0000000008000508                __eqsf2
                0x0000000008000508                __nesf2
 .text          0x0000000008000558       0x9c c:/st/stm32cubeide_1.0.1/stm32cubeide/plugins/com.st.stm32cube.ide.mcu.externaltools.gnu-tools-for-stm32.7-2018-q2-update.win32_1.4.0.202007081208/tools/bin/../lib/gcc/arm-none-eabi/7.3.1/thumb/v6-m\libgcc.a(gesf2.o)
                0x0000000008000558                __gesf2
                0x0000000008000558                __gtsf2
 .text          0x00000000080005f4       0xa0 c:/st/stm32cubeide_1.0.1/stm32cubeide/plugins/com.st.stm32cube.ide.mcu.externaltools.gnu-tools-for-stm32.7-2018-q2-update.win32_1.4.0.202007081208/tools/bin/../lib/gcc/arm-none-eabi/7.3.1/thumb/v6-m\libgcc.a(lesf2.o)
                0x00000000080005f4                __ltsf2
                0x00000000080005f4                __lesf2
 .text          0x0000000008000694      0x638 c:/st/stm32cubeide_1.0.1/stm32cubeide/plugins/com.st.stm32cube.ide.mcu.externaltools.gnu-tools-for-stm32.7-2018-q2-update.win32_1.4.0.202007081208/tools/bin/../lib/gcc/arm-none-eabi/7.3.1/thumb/v6-m\libgcc.a(adddf3.o)
                0x0000000008000694                __aeabi_dadd
 .text          0x0000000008000ccc      0x604 c:/st/stm32cubeide_1.0.1/stm32cubeide/plugins/com.st.stm32cube.ide.mcu.externaltools.gnu-tools-for-stm32.7-2018-q2-update.win32_1.4.0.202007081208/tools/bin/../lib/gcc/arm-none-eabi/7.3.1/thumb/v6-m\libgcc.a(divdf3.o)
                0x0000000008000ccc                __aeabi_ddiv
 .text          0x00000000080012d0       0x78 c:/st/stm32cubeide_1.0.1/stm32cubeide/plugins/com.st.stm32cube.ide.mcu.externaltools.gnu-tools-for-stm32.7-2018-q2-update.win32_1.4.0.202007081208/tools/bin/../lib/gcc/arm-none-eabi/7.3.1/thumb/v6-m\libgcc.a(eqdf2.o)
                0x00000000080012d0                __nedf2
                0x00000000080012d0                __eqdf2
 .text          0x0000000008001348       0xc8 c:/st/stm32cubeide_1.0.1/stm32cubeide/plugins/com.st.stm32cube.ide.mcu.externaltools.gnu-tools-for-stm32.7-2018-q2-update.win32_1.4.0.202007081208/tools/bin/../lib/gcc/arm-none-eabi/7.3.1/thumb/v6-m\libgcc.a(gedf2.o)
                0x0000000008001348                __gedf2
                0x0000000008001348                __gtdf2
 .text          0x0000000008001410       0xd0 c:/st/stm32cubeide_1.0.1/stm32cubeide/plugins/com.st.stm32cube.ide.mcu.externaltools.gnu-tools-for-stm32.7-2018-q2-update.win32_1.4.0.202007081208/tools/bin/../lib/gcc/arm-none-eabi/7.3.1/thumb/v6-m\libgcc.a(ledf2.o)
                0x0000000008001410                __ledf2
                0x0000000008001410                __ltdf2
 .text          0x00000000080014e0      0x4e4 c:/st/stm32cubeide_1.0.1/stm32cubeide/plugins/com.st.stm32cube.ide.mcu.externaltools.gnu-tools-for-stm32.7-2018-q2-update.win32_1.4.0.202007081208/tools/bin/../lib/gcc/arm-none-eabi/7.3.1/thumb/v6-m\libgcc.a(muldf3.o)
                0x00000000080014e0                __aeabi_dmul
 .text          0x00000000080019c4      0x690 c:/st/stm32cubeide_1.0.1/stm32cubeide/plugins/com.st.stm32cube.ide.mcu.externaltools.gnu-tools-for-stm32.7-2018-q2-update.win32_1.4.0.202007081208/tools/bin/../lib/gcc/arm-none-eabi/7.3.1/thumb/v6-m\libgcc.a(subdf3.o)
                0x00000000080019c4                __aeabi_dsub
 .text          0x0000000008002054       0x38 c:/st/stm32cubeide_1.0.1/stm32cubeide/plugins/com.st.stm32cube.ide.mcu.externaltools.gnu-tools-for-stm32.7-2018-q2-update.win32_1.4.0.202007081208/tools/bin/../lib/gcc/arm-none-eabi/7.3.1/thumb/v6-m\libgcc.a(unorddf2.o)
                0x0000000008002054                __aeabi_dcmpun
 .text          0x000000000800208c       0x6c c:/st/stm32cubeide_1.0.1/stm32cubeide/plugins/com.st.stm32cube.ide.mcu.externaltools.gnu-tools-for-stm32.7-2018-q2-update.win32_1.4.0.202007081208/tools/bin/../lib/gcc/arm-none-eabi/7.3.1/thumb/v6-m\libgcc.a(fixdfsi.o)
                0x000000000800208c                __aeabi_d2iz
 .text          0x00000000080020f8       0x74 c:/st/stm32cubeide_1.0.1/stm32cubeide/plugins/com.st.stm32cube.ide.mcu.externaltools.gnu-tools-for-stm32.7-2018-q2-update.win32_1.4.0.202007081208/tools/bin/../lib/gcc/arm-none-eabi/7.3.1/thumb/v6-m\libgcc.a(floatsidf.o)
                0x00000000080020f8                __aeabi_i2d
 .text          0x000000000800216c       0x64 c:/st/stm32cubeide_1.0.1/stm32cubeide/plugins/com.st.stm32cube.ide.mcu.externaltools.gnu-tools-for-stm32.7-2018-q2-update.win32_1.4.0.202007081208/tools/bin/../lib/gcc/arm-none-eabi/7.3.1/thumb/v6-m\libgcc.a(floatunsidf.o)
                0x000000000800216c                __aeabi_ui2d
 .text          0x00000000080021d0       0xa4 c:/st/stm32cubeide_1.0.1/stm32cubeide/plugins/com.st.stm32cube.ide.mcu.externaltools.gnu-tools-for-stm32.7-2018-q2-update.win32_1.4.0.202007081208/tools/bin/../lib/gcc/arm-none-eabi/7.3.1/thumb/v6-m\libgcc.a(extendsfdf2.o)
                0x00000000080021d0                __aeabi_f2d
 .text          0x0000000008002274      0x108 c:/st/stm32cubeide_1.0.1/stm32cubeide/plugins/com.st.stm32cube.ide.mcu.externaltools.gnu-tools-for-stm32.7-2018-q2-update.win32_1.4.0.202007081208/tools/bin/../lib/gcc/arm-none-eabi/7.3.1/thumb/v6-m\libgcc.a(truncdfsf2.o)
                0x0000000008002274                __aeabi_d2f
 .text          0x000000000800237c       0x3c c:/st/stm32cubeide_1.0.1/stm32cubeide/plugins/com.st.stm32cube.ide.mcu.externaltools.gnu-tools-for-stm32.7-2018-q2-update.win32_1.4.0.202007081208/tools/bin/../lib/gcc/arm-none-eabi/7.3.1/thumb/v6-m\libgcc.a(_clzsi2.o)
                0x000000000800237c                __clzsi2
 *(.text*)
 .text.ssd1306_Reset
                0x00000000080023b8        0xa Core/Inc/ssd1306.o
                0x00000000080023b8                ssd1306_Reset
 *fill*         0x00000000080023c2        0x2 
 .text.ssd1306_WriteCommand
                0x00000000080023c4       0x34 Core/Inc/ssd1306.o
                0x00000000080023c4                ssd1306_WriteCommand
 .text.ssd1306_WriteData
                0x00000000080023f8       0x34 Core/Inc/ssd1306.o
                0x00000000080023f8                ssd1306_WriteData
 .text.ssd1306_Init
                0x000000000800242c       0xdc Core/Inc/ssd1306.o
                0x000000000800242c                ssd1306_Init
 .text.ssd1306_Fill
                0x0000000008002508       0x48 Core/Inc/ssd1306.o
                0x0000000008002508                ssd1306_Fill
 .text.ssd1306_UpdateScreen
                0x0000000008002550       0x60 Core/Inc/ssd1306.o
                0x0000000008002550                ssd1306_UpdateScreen
 .text.ssd1306_DrawPixel
                0x00000000080025b0       0xf4 Core/Inc/ssd1306.o
                0x00000000080025b0                ssd1306_DrawPixel
 .text.ssd1306_WriteChar
                0x00000000080026a4      0x134 Core/Inc/ssd1306.o
                0x00000000080026a4                ssd1306_WriteChar
 .text.ssd1306_WriteString
                0x00000000080027d8       0x54 Core/Inc/ssd1306.o
                0x00000000080027d8                ssd1306_WriteString
 .text.ssd1306_SetCursor
                0x000000000800282c       0x34 Core/Inc/ssd1306.o
                0x000000000800282c                ssd1306_SetCursor
 .text.DisplayData
                0x0000000008002860       0x90 Core/Src/main.o
                0x0000000008002860                DisplayData
 .text.Heat     0x00000000080028f0       0x64 Core/Src/main.o
                0x00000000080028f0                Heat
 .text.main     0x0000000008002954       0xcc Core/Src/main.o
                0x0000000008002954                main
 .text.SystemClock_Config
                0x0000000008002a20       0xf4 Core/Src/main.o
                0x0000000008002a20                SystemClock_Config
 .text.MX_I2C1_Init
                0x0000000008002b14       0x80 Core/Src/main.o
 .text.MX_SPI1_Init
                0x0000000008002b94       0x70 Core/Src/main.o
 .text.MX_TIM2_Init
                0x0000000008002c04       0xac Core/Src/main.o
 .text.MX_GPIO_Init
                0x0000000008002cb0       0xc8 Core/Src/main.o
 .text.Error_Handler
                0x0000000008002d78        0xa Core/Src/main.o
                0x0000000008002d78                Error_Handler
 .text.max6675_init
                0x0000000008002d82        0xa Core/Src/max6675.o
                0x0000000008002d82                max6675_init
 .text.SelSensor
                0x0000000008002d8c       0xcc Core/Src/max6675.o
                0x0000000008002d8c                SelSensor
 .text.max6675_readbits
                0x0000000008002e58       0x9c Core/Src/max6675.o
                0x0000000008002e58                max6675_readbits
 .text.max6675_readTemp
                0x0000000008002ef4       0x5c Core/Src/max6675.o
                0x0000000008002ef4                max6675_readTemp
 .text.HAL_MspInit
                0x0000000008002f50       0x28 Core/Src/stm32l0xx_hal_msp.o
                0x0000000008002f50                HAL_MspInit
 .text.HAL_I2C_MspInit
                0x0000000008002f78       0x88 Core/Src/stm32l0xx_hal_msp.o
                0x0000000008002f78                HAL_I2C_MspInit
 .text.HAL_SPI_MspInit
                0x0000000008003000       0x88 Core/Src/stm32l0xx_hal_msp.o
                0x0000000008003000                HAL_SPI_MspInit
 .text.HAL_TIM_Base_MspInit
                0x0000000008003088       0x3c Core/Src/stm32l0xx_hal_msp.o
                0x0000000008003088                HAL_TIM_Base_MspInit
 .text.NMI_Handler
                0x00000000080030c4        0xa Core/Src/stm32l0xx_it.o
                0x00000000080030c4                NMI_Handler
 .text.HardFault_Handler
                0x00000000080030ce        0x6 Core/Src/stm32l0xx_it.o
                0x00000000080030ce                HardFault_Handler
 .text.SVC_Handler
                0x00000000080030d4        0xa Core/Src/stm32l0xx_it.o
                0x00000000080030d4                SVC_Handler
 .text.PendSV_Handler
                0x00000000080030de        0xa Core/Src/stm32l0xx_it.o
                0x00000000080030de                PendSV_Handler
 .text.SysTick_Handler
                0x00000000080030e8        0xe Core/Src/stm32l0xx_it.o
                0x00000000080030e8                SysTick_Handler
 *fill*         0x00000000080030f6        0x2 
 .text.TIM2_IRQHandler
                0x00000000080030f8       0x18 Core/Src/stm32l0xx_it.o
                0x00000000080030f8                TIM2_IRQHandler
 .text.USB_IRQHandler
                0x0000000008003110       0x18 Core/Src/stm32l0xx_it.o
                0x0000000008003110                USB_IRQHandler
 .text._read    0x0000000008003128       0x3a Core/Src/syscalls.o
                0x0000000008003128                _read
 .text._write   0x0000000008003162       0x38 Core/Src/syscalls.o
                0x0000000008003162                _write
 .text._close   0x000000000800319a       0x14 Core/Src/syscalls.o
                0x000000000800319a                _close
 .text._fstat   0x00000000080031ae       0x1c Core/Src/syscalls.o
                0x00000000080031ae                _fstat
 .text._isatty  0x00000000080031ca       0x12 Core/Src/syscalls.o
                0x00000000080031ca                _isatty
 .text._lseek   0x00000000080031dc       0x16 Core/Src/syscalls.o
                0x00000000080031dc                _lseek
 *fill*         0x00000000080031f2        0x2 
 .text._sbrk    0x00000000080031f4       0x6c Core/Src/sysmem.o
                0x00000000080031f4                _sbrk
 .text.SystemInit
                0x0000000008003260       0x7c Core/Src/system_stm32l0xx.o
                0x0000000008003260                SystemInit
 .text.Reset_Handler
                0x00000000080032dc       0x50 Core/Startup/startup_stm32l072kztx.o
                0x00000000080032dc                Reset_Handler
 .text.Default_Handler
                0x000000000800332c        0x2 Core/Startup/startup_stm32l072kztx.o
                0x000000000800332c                TSC_IRQHandler
                0x000000000800332c                ADC1_COMP_IRQHandler
                0x000000000800332c                PVD_IRQHandler
                0x000000000800332c                I2C1_IRQHandler
                0x000000000800332c                RCC_CRS_IRQHandler
                0x000000000800332c                SPI1_IRQHandler
                0x000000000800332c                TIM6_DAC_IRQHandler
                0x000000000800332c                EXTI2_3_IRQHandler
                0x000000000800332c                I2C2_IRQHandler
                0x000000000800332c                RTC_IRQHandler
                0x000000000800332c                DMA1_Channel4_5_6_7_IRQHandler
                0x000000000800332c                TIM3_IRQHandler
                0x000000000800332c                EXTI4_15_IRQHandler
                0x000000000800332c                DMA1_Channel1_IRQHandler
                0x000000000800332c                USART4_5_IRQHandler
                0x000000000800332c                Default_Handler
                0x000000000800332c                TIM22_IRQHandler
                0x000000000800332c                TIM7_IRQHandler
                0x000000000800332c                EXTI0_1_IRQHandler
                0x000000000800332c                I2C3_IRQHandler
                0x000000000800332c                SPI2_IRQHandler
                0x000000000800332c                TIM21_IRQHandler
                0x000000000800332c                WWDG_IRQHandler
                0x000000000800332c                DMA1_Channel2_3_IRQHandler
                0x000000000800332c                USART2_IRQHandler
                0x000000000800332c                FLASH_IRQHandler
                0x000000000800332c                USART1_IRQHandler
                0x000000000800332c                RNG_LPUART1_IRQHandler
                0x000000000800332c                LPTIM1_IRQHandler
 *fill*         0x000000000800332e        0x2 
 .text.HAL_Init
                0x0000000008003330       0x40 Drivers/STM32L0xx_HAL_Driver/Src/stm32l0xx_hal.o
                0x0000000008003330                HAL_Init
 .text.HAL_InitTick
                0x0000000008003370       0x68 Drivers/STM32L0xx_HAL_Driver/Src/stm32l0xx_hal.o
                0x0000000008003370                HAL_InitTick
 .text.HAL_IncTick
                0x00000000080033d8       0x24 Drivers/STM32L0xx_HAL_Driver/Src/stm32l0xx_hal.o
                0x00000000080033d8                HAL_IncTick
 .text.HAL_GetTick
                0x00000000080033fc       0x14 Drivers/STM32L0xx_HAL_Driver/Src/stm32l0xx_hal.o
                0x00000000080033fc                HAL_GetTick
 .text.HAL_Delay
                0x0000000008003410       0x44 Drivers/STM32L0xx_HAL_Driver/Src/stm32l0xx_hal.o
                0x0000000008003410                HAL_Delay
 .text.NVIC_EnableIRQ
                0x0000000008003454       0x2c Drivers/STM32L0xx_HAL_Driver/Src/stm32l0xx_hal_cortex.o
 .text.NVIC_SetPriority
                0x0000000008003480       0xdc Drivers/STM32L0xx_HAL_Driver/Src/stm32l0xx_hal_cortex.o
 .text.SysTick_Config
                0x000000000800355c       0x48 Drivers/STM32L0xx_HAL_Driver/Src/stm32l0xx_hal_cortex.o
 .text.HAL_NVIC_SetPriority
                0x00000000080035a4       0x2a Drivers/STM32L0xx_HAL_Driver/Src/stm32l0xx_hal_cortex.o
                0x00000000080035a4                HAL_NVIC_SetPriority
 .text.HAL_NVIC_EnableIRQ
                0x00000000080035ce       0x20 Drivers/STM32L0xx_HAL_Driver/Src/stm32l0xx_hal_cortex.o
                0x00000000080035ce                HAL_NVIC_EnableIRQ
 .text.HAL_SYSTICK_Config
                0x00000000080035ee       0x1a Drivers/STM32L0xx_HAL_Driver/Src/stm32l0xx_hal_cortex.o
                0x00000000080035ee                HAL_SYSTICK_Config
 .text.HAL_GPIO_Init
                0x0000000008003608      0x2fc Drivers/STM32L0xx_HAL_Driver/Src/stm32l0xx_hal_gpio.o
                0x0000000008003608                HAL_GPIO_Init
 .text.HAL_GPIO_WritePin
                0x0000000008003904       0x3a Drivers/STM32L0xx_HAL_Driver/Src/stm32l0xx_hal_gpio.o
                0x0000000008003904                HAL_GPIO_WritePin
 .text.HAL_GPIO_TogglePin
                0x000000000800393e       0x36 Drivers/STM32L0xx_HAL_Driver/Src/stm32l0xx_hal_gpio.o
                0x000000000800393e                HAL_GPIO_TogglePin
 .text.HAL_I2C_Init
                0x0000000008003974      0x12c Drivers/STM32L0xx_HAL_Driver/Src/stm32l0xx_hal_i2c.o
                0x0000000008003974                HAL_I2C_Init
 .text.HAL_I2C_Mem_Write
                0x0000000008003aa0      0x25c Drivers/STM32L0xx_HAL_Driver/Src/stm32l0xx_hal_i2c.o
                0x0000000008003aa0                HAL_I2C_Mem_Write
 .text.I2C_RequestMemoryWrite
                0x0000000008003cfc       0xc8 Drivers/STM32L0xx_HAL_Driver/Src/stm32l0xx_hal_i2c.o
 .text.I2C_Flush_TXDR
                0x0000000008003dc4       0x44 Drivers/STM32L0xx_HAL_Driver/Src/stm32l0xx_hal_i2c.o
 .text.I2C_WaitOnFlagUntilTimeout
                0x0000000008003e08       0x7e Drivers/STM32L0xx_HAL_Driver/Src/stm32l0xx_hal_i2c.o
 .text.I2C_WaitOnTXISFlagUntilTimeout
                0x0000000008003e86       0x7e Drivers/STM32L0xx_HAL_Driver/Src/stm32l0xx_hal_i2c.o
 .text.I2C_WaitOnSTOPFlagUntilTimeout
                0x0000000008003f04       0x78 Drivers/STM32L0xx_HAL_Driver/Src/stm32l0xx_hal_i2c.o
 .text.I2C_IsAcknowledgeFailed
                0x0000000008003f7c       0xcc Drivers/STM32L0xx_HAL_Driver/Src/stm32l0xx_hal_i2c.o
 .text.I2C_TransferConfig
                0x0000000008004048       0x6c Drivers/STM32L0xx_HAL_Driver/Src/stm32l0xx_hal_i2c.o
 .text.HAL_I2CEx_ConfigAnalogFilter
                0x00000000080040b4       0x98 Drivers/STM32L0xx_HAL_Driver/Src/stm32l0xx_hal_i2c_ex.o
                0x00000000080040b4                HAL_I2CEx_ConfigAnalogFilter
 .text.HAL_I2CEx_ConfigDigitalFilter
                0x000000000800414c       0x98 Drivers/STM32L0xx_HAL_Driver/Src/stm32l0xx_hal_i2c_ex.o
                0x000000000800414c                HAL_I2CEx_ConfigDigitalFilter
 .text.HAL_PCD_Init
                0x00000000080041e4      0x220 Drivers/STM32L0xx_HAL_Driver/Src/stm32l0xx_hal_pcd.o
                0x00000000080041e4                HAL_PCD_Init
 .text.HAL_PCD_Start
                0x0000000008004404       0x4a Drivers/STM32L0xx_HAL_Driver/Src/stm32l0xx_hal_pcd.o
                0x0000000008004404                HAL_PCD_Start
 *fill*         0x000000000800444e        0x2 
 .text.HAL_PCD_IRQHandler
                0x0000000008004450      0x2f8 Drivers/STM32L0xx_HAL_Driver/Src/stm32l0xx_hal_pcd.o
                0x0000000008004450                HAL_PCD_IRQHandler
 .text.HAL_PCD_SetAddress
                0x0000000008004748       0x56 Drivers/STM32L0xx_HAL_Driver/Src/stm32l0xx_hal_pcd.o
                0x0000000008004748                HAL_PCD_SetAddress
 .text.HAL_PCD_EP_Open
                0x000000000800479e       0xf0 Drivers/STM32L0xx_HAL_Driver/Src/stm32l0xx_hal_pcd.o
                0x000000000800479e                HAL_PCD_EP_Open
 .text.HAL_PCD_EP_Close
                0x000000000800488e       0xa2 Drivers/STM32L0xx_HAL_Driver/Src/stm32l0xx_hal_pcd.o
                0x000000000800488e                HAL_PCD_EP_Close
 .text.HAL_PCD_EP_Receive
                0x0000000008004930       0x88 Drivers/STM32L0xx_HAL_Driver/Src/stm32l0xx_hal_pcd.o
                0x0000000008004930                HAL_PCD_EP_Receive
 .text.HAL_PCD_EP_GetRxCount
                0x00000000080049b8       0x32 Drivers/STM32L0xx_HAL_Driver/Src/stm32l0xx_hal_pcd.o
                0x00000000080049b8                HAL_PCD_EP_GetRxCount
 .text.HAL_PCD_EP_Transmit
                0x00000000080049ea       0x92 Drivers/STM32L0xx_HAL_Driver/Src/stm32l0xx_hal_pcd.o
                0x00000000080049ea                HAL_PCD_EP_Transmit
 .text.HAL_PCD_EP_SetStall
                0x0000000008004a7c       0xb8 Drivers/STM32L0xx_HAL_Driver/Src/stm32l0xx_hal_pcd.o
                0x0000000008004a7c                HAL_PCD_EP_SetStall
 .text.HAL_PCD_EP_ClrStall
                0x0000000008004b34       0xbc Drivers/STM32L0xx_HAL_Driver/Src/stm32l0xx_hal_pcd.o
                0x0000000008004b34                HAL_PCD_EP_ClrStall
 .text.PCD_EP_ISR_Handler
                0x0000000008004bf0      0x688 Drivers/STM32L0xx_HAL_Driver/Src/stm32l0xx_hal_pcd.o
 .text.HAL_PCD_EP_DB_Receive
                0x0000000008005278      0x240 Drivers/STM32L0xx_HAL_Driver/Src/stm32l0xx_hal_pcd.o
 .text.HAL_PCD_EP_DB_Transmit
                0x00000000080054b8      0x568 Drivers/STM32L0xx_HAL_Driver/Src/stm32l0xx_hal_pcd.o
 .text.HAL_PCDEx_PMAConfig
                0x0000000008005a20       0x9c Drivers/STM32L0xx_HAL_Driver/Src/stm32l0xx_hal_pcd_ex.o
                0x0000000008005a20                HAL_PCDEx_PMAConfig
 .text.HAL_PCDEx_ActivateLPM
                0x0000000008005abc       0x54 Drivers/STM32L0xx_HAL_Driver/Src/stm32l0xx_hal_pcd_ex.o
                0x0000000008005abc                HAL_PCDEx_ActivateLPM
 .text.HAL_PCDEx_LPM_Callback
                0x0000000008005b10       0x16 Drivers/STM32L0xx_HAL_Driver/Src/stm32l0xx_hal_pcd_ex.o
                0x0000000008005b10                HAL_PCDEx_LPM_Callback
 *fill*         0x0000000008005b26        0x2 
 .text.HAL_RCC_OscConfig
                0x0000000008005b28      0x7a0 Drivers/STM32L0xx_HAL_Driver/Src/stm32l0xx_hal_rcc.o
                0x0000000008005b28                HAL_RCC_OscConfig
 .text.HAL_RCC_ClockConfig
                0x00000000080062c8      0x254 Drivers/STM32L0xx_HAL_Driver/Src/stm32l0xx_hal_rcc.o
                0x00000000080062c8                HAL_RCC_ClockConfig
 .text.HAL_RCC_GetSysClockFreq
                0x000000000800651c      0x108 Drivers/STM32L0xx_HAL_Driver/Src/stm32l0xx_hal_rcc.o
                0x000000000800651c                HAL_RCC_GetSysClockFreq
 .text.HAL_RCCEx_PeriphCLKConfig
                0x0000000008006624      0x2b0 Drivers/STM32L0xx_HAL_Driver/Src/stm32l0xx_hal_rcc_ex.o
                0x0000000008006624                HAL_RCCEx_PeriphCLKConfig
 .text.HAL_SPI_Init
                0x00000000080068d4       0xd4 Drivers/STM32L0xx_HAL_Driver/Src/stm32l0xx_hal_spi.o
                0x00000000080068d4                HAL_SPI_Init
 .text.HAL_SPI_TransmitReceive
                0x00000000080069a8      0x378 Drivers/STM32L0xx_HAL_Driver/Src/stm32l0xx_hal_spi.o
                0x00000000080069a8                HAL_SPI_TransmitReceive
 .text.SPI_WaitFlagStateUntilTimeout
                0x0000000008006d20       0xe0 Drivers/STM32L0xx_HAL_Driver/Src/stm32l0xx_hal_spi.o
 .text.SPI_EndRxTxTransaction
                0x0000000008006e00       0x7a Drivers/STM32L0xx_HAL_Driver/Src/stm32l0xx_hal_spi.o
 .text.HAL_TIM_Base_Init
                0x0000000008006e7a       0x58 Drivers/STM32L0xx_HAL_Driver/Src/stm32l0xx_hal_tim.o
                0x0000000008006e7a                HAL_TIM_Base_Init
 .text.HAL_TIM_IRQHandler
                0x0000000008006ed2      0x1d0 Drivers/STM32L0xx_HAL_Driver/Src/stm32l0xx_hal_tim.o
                0x0000000008006ed2                HAL_TIM_IRQHandler
 *fill*         0x00000000080070a2        0x2 
 .text.HAL_TIM_ConfigClockSource
                0x00000000080070a4      0x17c Drivers/STM32L0xx_HAL_Driver/Src/stm32l0xx_hal_tim.o
                0x00000000080070a4                HAL_TIM_ConfigClockSource
 .text.HAL_TIM_PeriodElapsedCallback
                0x0000000008007220       0x10 Drivers/STM32L0xx_HAL_Driver/Src/stm32l0xx_hal_tim.o
                0x0000000008007220                HAL_TIM_PeriodElapsedCallback
 .text.HAL_TIM_OC_DelayElapsedCallback
                0x0000000008007230       0x10 Drivers/STM32L0xx_HAL_Driver/Src/stm32l0xx_hal_tim.o
                0x0000000008007230                HAL_TIM_OC_DelayElapsedCallback
 .text.HAL_TIM_IC_CaptureCallback
                0x0000000008007240       0x10 Drivers/STM32L0xx_HAL_Driver/Src/stm32l0xx_hal_tim.o
                0x0000000008007240                HAL_TIM_IC_CaptureCallback
 .text.HAL_TIM_PWM_PulseFinishedCallback
                0x0000000008007250       0x10 Drivers/STM32L0xx_HAL_Driver/Src/stm32l0xx_hal_tim.o
                0x0000000008007250                HAL_TIM_PWM_PulseFinishedCallback
 .text.HAL_TIM_TriggerCallback
                0x0000000008007260       0x10 Drivers/STM32L0xx_HAL_Driver/Src/stm32l0xx_hal_tim.o
                0x0000000008007260                HAL_TIM_TriggerCallback
 .text.TIM_Base_SetConfig
                0x0000000008007270       0xbc Drivers/STM32L0xx_HAL_Driver/Src/stm32l0xx_hal_tim.o
 .text.TIM_TI1_ConfigInputStage
                0x000000000800732c       0x5c Drivers/STM32L0xx_HAL_Driver/Src/stm32l0xx_hal_tim.o
 .text.TIM_TI2_ConfigInputStage
                0x0000000008007388       0x64 Drivers/STM32L0xx_HAL_Driver/Src/stm32l0xx_hal_tim.o
 .text.TIM_ITRx_SetConfig
                0x00000000080073ec       0x32 Drivers/STM32L0xx_HAL_Driver/Src/stm32l0xx_hal_tim.o
 *fill*         0x000000000800741e        0x2 
 .text.TIM_ETR_SetConfig
                0x0000000008007420       0x40 Drivers/STM32L0xx_HAL_Driver/Src/stm32l0xx_hal_tim.o
 .text.HAL_TIMEx_MasterConfigSynchronization
                0x0000000008007460       0x86 Drivers/STM32L0xx_HAL_Driver/Src/stm32l0xx_hal_tim_ex.o
                0x0000000008007460                HAL_TIMEx_MasterConfigSynchronization
 *fill*         0x00000000080074e6        0x2 
 .text.USB_EnableGlobalInt
                0x00000000080074e8       0x2c Drivers/STM32L0xx_HAL_Driver/Src/stm32l0xx_ll_usb.o
                0x00000000080074e8                USB_EnableGlobalInt
 .text.USB_DisableGlobalInt
                0x0000000008007514       0x34 Drivers/STM32L0xx_HAL_Driver/Src/stm32l0xx_ll_usb.o
                0x0000000008007514                USB_DisableGlobalInt
 .text.USB_DevInit
                0x0000000008007548       0x58 Drivers/STM32L0xx_HAL_Driver/Src/stm32l0xx_ll_usb.o
                0x0000000008007548                USB_DevInit
 .text.USB_ActivateEndpoint
                0x00000000080075a0      0x6ac Drivers/STM32L0xx_HAL_Driver/Src/stm32l0xx_ll_usb.o
                0x00000000080075a0                USB_ActivateEndpoint
 .text.USB_DeactivateEndpoint
                0x0000000008007c4c      0x380 Drivers/STM32L0xx_HAL_Driver/Src/stm32l0xx_ll_usb.o
                0x0000000008007c4c                USB_DeactivateEndpoint
 .text.USB_EPStartXfer
                0x0000000008007fcc     0x12ac Drivers/STM32L0xx_HAL_Driver/Src/stm32l0xx_ll_usb.o
                0x0000000008007fcc                USB_EPStartXfer
 .text.USB_EPSetStall
                0x0000000008009278       0xa0 Drivers/STM32L0xx_HAL_Driver/Src/stm32l0xx_ll_usb.o
                0x0000000008009278                USB_EPSetStall
 .text.USB_EPClearStall
                0x0000000008009318      0x164 Drivers/STM32L0xx_HAL_Driver/Src/stm32l0xx_ll_usb.o
                0x0000000008009318                USB_EPClearStall
 .text.USB_SetDevAddress
                0x000000000800947c       0x28 Drivers/STM32L0xx_HAL_Driver/Src/stm32l0xx_ll_usb.o
                0x000000000800947c                USB_SetDevAddress
 .text.USB_DevConnect
                0x00000000080094a4       0x2c Drivers/STM32L0xx_HAL_Driver/Src/stm32l0xx_ll_usb.o
                0x00000000080094a4                USB_DevConnect
 .text.USB_ReadInterrupts
                0x00000000080094d0       0x1c Drivers/STM32L0xx_HAL_Driver/Src/stm32l0xx_ll_usb.o
                0x00000000080094d0                USB_ReadInterrupts
 .text.USB_WritePMA
                0x00000000080094ec       0x86 Drivers/STM32L0xx_HAL_Driver/Src/stm32l0xx_ll_usb.o
                0x00000000080094ec                USB_WritePMA
 .text.USB_ReadPMA
                0x0000000008009572       0x9e Drivers/STM32L0xx_HAL_Driver/Src/stm32l0xx_ll_usb.o
                0x0000000008009572                USB_ReadPMA
 .text.USBD_CDC_Init
                0x0000000008009610      0x118 Middlewares/ST/STM32_USB_Device_Library/Class/CDC/Src/usbd_cdc.o
 .text.USBD_CDC_DeInit
                0x0000000008009728       0x88 Middlewares/ST/STM32_USB_Device_Library/Class/CDC/Src/usbd_cdc.o
 .text.USBD_CDC_Setup
                0x00000000080097b0      0x18c Middlewares/ST/STM32_USB_Device_Library/Class/CDC/Src/usbd_cdc.o
 .text.USBD_CDC_DataIn
                0x000000000800993c       0xb6 Middlewares/ST/STM32_USB_Device_Library/Class/CDC/Src/usbd_cdc.o
 .text.USBD_CDC_DataOut
                0x00000000080099f2       0x6a Middlewares/ST/STM32_USB_Device_Library/Class/CDC/Src/usbd_cdc.o
 .text.USBD_CDC_EP0_RxReady
                0x0000000008009a5c       0x64 Middlewares/ST/STM32_USB_Device_Library/Class/CDC/Src/usbd_cdc.o
 .text.USBD_CDC_GetFSCfgDesc
                0x0000000008009ac0       0x1c Middlewares/ST/STM32_USB_Device_Library/Class/CDC/Src/usbd_cdc.o
 .text.USBD_CDC_GetHSCfgDesc
                0x0000000008009adc       0x1c Middlewares/ST/STM32_USB_Device_Library/Class/CDC/Src/usbd_cdc.o
 .text.USBD_CDC_GetOtherSpeedCfgDesc
                0x0000000008009af8       0x1c Middlewares/ST/STM32_USB_Device_Library/Class/CDC/Src/usbd_cdc.o
 .text.USBD_CDC_GetDeviceQualifierDescriptor
                0x0000000008009b14       0x1c Middlewares/ST/STM32_USB_Device_Library/Class/CDC/Src/usbd_cdc.o
                0x0000000008009b14                USBD_CDC_GetDeviceQualifierDescriptor
 .text.USBD_CDC_RegisterInterface
                0x0000000008009b30       0x38 Middlewares/ST/STM32_USB_Device_Library/Class/CDC/Src/usbd_cdc.o
                0x0000000008009b30                USBD_CDC_RegisterInterface
 .text.USBD_CDC_SetTxBuffer
                0x0000000008009b68       0x38 Middlewares/ST/STM32_USB_Device_Library/Class/CDC/Src/usbd_cdc.o
                0x0000000008009b68                USBD_CDC_SetTxBuffer
 .text.USBD_CDC_SetRxBuffer
                0x0000000008009ba0       0x28 Middlewares/ST/STM32_USB_Device_Library/Class/CDC/Src/usbd_cdc.o
                0x0000000008009ba0                USBD_CDC_SetRxBuffer
 .text.USBD_CDC_TransmitPacket
                0x0000000008009bc8       0x6e Middlewares/ST/STM32_USB_Device_Library/Class/CDC/Src/usbd_cdc.o
                0x0000000008009bc8                USBD_CDC_TransmitPacket
 .text.USBD_CDC_ReceivePacket
                0x0000000008009c36       0x5c Middlewares/ST/STM32_USB_Device_Library/Class/CDC/Src/usbd_cdc.o
                0x0000000008009c36                USBD_CDC_ReceivePacket
 .text.USBD_Init
                0x0000000008009c92       0x62 Middlewares/ST/STM32_USB_Device_Library/Core/Src/usbd_core.o
                0x0000000008009c92                USBD_Init
 .text.USBD_RegisterClass
                0x0000000008009cf4       0x42 Middlewares/ST/STM32_USB_Device_Library/Core/Src/usbd_core.o
                0x0000000008009cf4                USBD_RegisterClass
 .text.USBD_Start
                0x0000000008009d36       0x1a Middlewares/ST/STM32_USB_Device_Library/Core/Src/usbd_core.o
                0x0000000008009d36                USBD_Start
 .text.USBD_RunTestMode
                0x0000000008009d50       0x12 Middlewares/ST/STM32_USB_Device_Library/Core/Src/usbd_core.o
                0x0000000008009d50                USBD_RunTestMode
 .text.USBD_SetClassConfig
                0x0000000008009d62       0x50 Middlewares/ST/STM32_USB_Device_Library/Core/Src/usbd_core.o
                0x0000000008009d62                USBD_SetClassConfig
 .text.USBD_ClrClassConfig
                0x0000000008009db2       0x2c Middlewares/ST/STM32_USB_Device_Library/Core/Src/usbd_core.o
                0x0000000008009db2                USBD_ClrClassConfig
 *fill*         0x0000000008009dde        0x2 
 .text.USBD_LL_SetupStage
                0x0000000008009de0       0xb8 Middlewares/ST/STM32_USB_Device_Library/Core/Src/usbd_core.o
                0x0000000008009de0                USBD_LL_SetupStage
 .text.USBD_LL_DataOutStage
                0x0000000008009e98      0x104 Middlewares/ST/STM32_USB_Device_Library/Core/Src/usbd_core.o
                0x0000000008009e98                USBD_LL_DataOutStage
 .text.USBD_LL_DataInStage
                0x0000000008009f9c      0x17a Middlewares/ST/STM32_USB_Device_Library/Core/Src/usbd_core.o
                0x0000000008009f9c                USBD_LL_DataInStage
 .text.USBD_LL_Reset
                0x000000000800a116       0x90 Middlewares/ST/STM32_USB_Device_Library/Core/Src/usbd_core.o
                0x000000000800a116                USBD_LL_Reset
 .text.USBD_LL_SetSpeed
                0x000000000800a1a6       0x20 Middlewares/ST/STM32_USB_Device_Library/Core/Src/usbd_core.o
                0x000000000800a1a6                USBD_LL_SetSpeed
 *fill*         0x000000000800a1c6        0x2 
 .text.USBD_LL_Suspend
                0x000000000800a1c8       0x30 Middlewares/ST/STM32_USB_Device_Library/Core/Src/usbd_core.o
                0x000000000800a1c8                USBD_LL_Suspend
 .text.USBD_LL_Resume
                0x000000000800a1f8       0x24 Middlewares/ST/STM32_USB_Device_Library/Core/Src/usbd_core.o
                0x000000000800a1f8                USBD_LL_Resume
 .text.USBD_LL_SOF
                0x000000000800a21c       0x3c Middlewares/ST/STM32_USB_Device_Library/Core/Src/usbd_core.o
                0x000000000800a21c                USBD_LL_SOF
 .text.USBD_StdDevReq
                0x000000000800a258       0xe4 Middlewares/ST/STM32_USB_Device_Library/Core/Src/usbd_ctlreq.o
                0x000000000800a258                USBD_StdDevReq
 .text.USBD_StdItfReq
                0x000000000800a33c       0xae Middlewares/ST/STM32_USB_Device_Library/Core/Src/usbd_ctlreq.o
                0x000000000800a33c                USBD_StdItfReq
 .text.USBD_StdEPReq
                0x000000000800a3ea      0x378 Middlewares/ST/STM32_USB_Device_Library/Core/Src/usbd_ctlreq.o
                0x000000000800a3ea                USBD_StdEPReq
 *fill*         0x000000000800a762        0x2 
 .text.USBD_GetDescriptor
                0x000000000800a764      0x224 Middlewares/ST/STM32_USB_Device_Library/Core/Src/usbd_ctlreq.o
 .text.USBD_SetAddress
                0x000000000800a988       0xa8 Middlewares/ST/STM32_USB_Device_Library/Core/Src/usbd_ctlreq.o
 .text.USBD_SetConfig
                0x000000000800aa30      0x148 Middlewares/ST/STM32_USB_Device_Library/Core/Src/usbd_ctlreq.o
 .text.USBD_GetConfig
                0x000000000800ab78       0x74 Middlewares/ST/STM32_USB_Device_Library/Core/Src/usbd_ctlreq.o
 .text.USBD_GetStatus
                0x000000000800abec       0x74 Middlewares/ST/STM32_USB_Device_Library/Core/Src/usbd_ctlreq.o
 .text.USBD_SetFeature
                0x000000000800ac60       0x2c Middlewares/ST/STM32_USB_Device_Library/Core/Src/usbd_ctlreq.o
 .text.USBD_ClrFeature
                0x000000000800ac8c       0x4c Middlewares/ST/STM32_USB_Device_Library/Core/Src/usbd_ctlreq.o
 .text.USBD_ParseSetupRequest
                0x000000000800acd8       0x76 Middlewares/ST/STM32_USB_Device_Library/Core/Src/usbd_ctlreq.o
                0x000000000800acd8                USBD_ParseSetupRequest
 .text.USBD_CtlError
                0x000000000800ad4e       0x26 Middlewares/ST/STM32_USB_Device_Library/Core/Src/usbd_ctlreq.o
                0x000000000800ad4e                USBD_CtlError
 .text.USBD_GetString
                0x000000000800ad74       0x9e Middlewares/ST/STM32_USB_Device_Library/Core/Src/usbd_ctlreq.o
                0x000000000800ad74                USBD_GetString
 .text.USBD_GetLen
                0x000000000800ae12       0x3a Middlewares/ST/STM32_USB_Device_Library/Core/Src/usbd_ctlreq.o
 .text.USBD_CtlSendData
                0x000000000800ae4c       0x40 Middlewares/ST/STM32_USB_Device_Library/Core/Src/usbd_ioreq.o
                0x000000000800ae4c                USBD_CtlSendData
 .text.USBD_CtlContinueSendData
                0x000000000800ae8c       0x26 Middlewares/ST/STM32_USB_Device_Library/Core/Src/usbd_ioreq.o
                0x000000000800ae8c                USBD_CtlContinueSendData
 .text.USBD_CtlPrepareRx
                0x000000000800aeb2       0x48 Middlewares/ST/STM32_USB_Device_Library/Core/Src/usbd_ioreq.o
                0x000000000800aeb2                USBD_CtlPrepareRx
 .text.USBD_CtlContinueRx
                0x000000000800aefa       0x26 Middlewares/ST/STM32_USB_Device_Library/Core/Src/usbd_ioreq.o
                0x000000000800aefa                USBD_CtlContinueRx
 .text.USBD_CtlSendStatus
                0x000000000800af20       0x28 Middlewares/ST/STM32_USB_Device_Library/Core/Src/usbd_ioreq.o
                0x000000000800af20                USBD_CtlSendStatus
 .text.USBD_CtlReceiveStatus
                0x000000000800af48       0x28 Middlewares/ST/STM32_USB_Device_Library/Core/Src/usbd_ioreq.o
                0x000000000800af48                USBD_CtlReceiveStatus
 .text.MX_USB_DEVICE_Init
                0x000000000800af70       0x68 USB_DEVICE/App/usb_device.o
                0x000000000800af70                MX_USB_DEVICE_Init
 .text.CDC_Init_FS
                0x000000000800afd8       0x30 USB_DEVICE/App/usbd_cdc_if.o
 .text.CDC_DeInit_FS
                0x000000000800b008        0xc USB_DEVICE/App/usbd_cdc_if.o
 .text.CDC_Control_FS
                0x000000000800b014       0x38 USB_DEVICE/App/usbd_cdc_if.o
 .text.CDC_Receive_FS
                0x000000000800b04c       0x6c USB_DEVICE/App/usbd_cdc_if.o
 .text.CDC_Transmit_FS
                0x000000000800b0b8       0x60 USB_DEVICE/App/usbd_cdc_if.o
                0x000000000800b0b8                CDC_Transmit_FS
 .text.USBD_FS_DeviceDescriptor
                0x000000000800b118       0x24 USB_DEVICE/App/usbd_desc.o
                0x000000000800b118                USBD_FS_DeviceDescriptor
 .text.USBD_FS_LangIDStrDescriptor
                0x000000000800b13c       0x24 USB_DEVICE/App/usbd_desc.o
                0x000000000800b13c                USBD_FS_LangIDStrDescriptor
 .text.USBD_FS_ProductStrDescriptor
                0x000000000800b160       0x44 USB_DEVICE/App/usbd_desc.o
                0x000000000800b160                USBD_FS_ProductStrDescriptor
 .text.USBD_FS_ManufacturerStrDescriptor
                0x000000000800b1a4       0x2c USB_DEVICE/App/usbd_desc.o
                0x000000000800b1a4                USBD_FS_ManufacturerStrDescriptor
 .text.USBD_FS_SerialStrDescriptor
                0x000000000800b1d0       0x28 USB_DEVICE/App/usbd_desc.o
                0x000000000800b1d0                USBD_FS_SerialStrDescriptor
 .text.USBD_FS_ConfigStrDescriptor
                0x000000000800b1f8       0x44 USB_DEVICE/App/usbd_desc.o
                0x000000000800b1f8                USBD_FS_ConfigStrDescriptor
 .text.USBD_FS_InterfaceStrDescriptor
                0x000000000800b23c       0x44 USB_DEVICE/App/usbd_desc.o
                0x000000000800b23c                USBD_FS_InterfaceStrDescriptor
 .text.Get_SerialNum
                0x000000000800b280       0x5c USB_DEVICE/App/usbd_desc.o
 .text.IntToUnicode
                0x000000000800b2dc       0x94 USB_DEVICE/App/usbd_desc.o
 .text.HAL_PCD_MspInit
                0x000000000800b370       0x40 USB_DEVICE/Target/usbd_conf.o
                0x000000000800b370                HAL_PCD_MspInit
 .text.HAL_PCD_SetupStageCallback
                0x000000000800b3b0       0x2a USB_DEVICE/Target/usbd_conf.o
                0x000000000800b3b0                HAL_PCD_SetupStageCallback
 .text.HAL_PCD_DataOutStageCallback
                0x000000000800b3da       0x42 USB_DEVICE/Target/usbd_conf.o
                0x000000000800b3da                HAL_PCD_DataOutStageCallback
 .text.HAL_PCD_DataInStageCallback
                0x000000000800b41c       0x3c USB_DEVICE/Target/usbd_conf.o
                0x000000000800b41c                HAL_PCD_DataInStageCallback
 .text.HAL_PCD_SOFCallback
                0x000000000800b458       0x1e USB_DEVICE/Target/usbd_conf.o
                0x000000000800b458                HAL_PCD_SOFCallback
 .text.HAL_PCD_ResetCallback
                0x000000000800b476       0x48 USB_DEVICE/Target/usbd_conf.o
                0x000000000800b476                HAL_PCD_ResetCallback
 *fill*         0x000000000800b4be        0x2 
 .text.HAL_PCD_SuspendCallback
                0x000000000800b4c0       0x38 USB_DEVICE/Target/usbd_conf.o
                0x000000000800b4c0                HAL_PCD_SuspendCallback
 .text.HAL_PCD_ResumeCallback
                0x000000000800b4f8       0x3c USB_DEVICE/Target/usbd_conf.o
                0x000000000800b4f8                HAL_PCD_ResumeCallback
 .text.USBD_LL_Init
                0x000000000800b534       0xc8 USB_DEVICE/Target/usbd_conf.o
                0x000000000800b534                USBD_LL_Init
 .text.USBD_LL_Start
                0x000000000800b5fc       0x4c USB_DEVICE/Target/usbd_conf.o
                0x000000000800b5fc                USBD_LL_Start
 .text.USBD_LL_OpenEP
                0x000000000800b648       0x6e USB_DEVICE/Target/usbd_conf.o
                0x000000000800b648                USBD_LL_OpenEP
 .text.USBD_LL_CloseEP
                0x000000000800b6b6       0x58 USB_DEVICE/Target/usbd_conf.o
                0x000000000800b6b6                USBD_LL_CloseEP
 .text.USBD_LL_StallEP
                0x000000000800b70e       0x58 USB_DEVICE/Target/usbd_conf.o
                0x000000000800b70e                USBD_LL_StallEP
 .text.USBD_LL_ClearStallEP
                0x000000000800b766       0x58 USB_DEVICE/Target/usbd_conf.o
                0x000000000800b766                USBD_LL_ClearStallEP
 .text.USBD_LL_IsStallEP
                0x000000000800b7be       0x62 USB_DEVICE/Target/usbd_conf.o
                0x000000000800b7be                USBD_LL_IsStallEP
 .text.USBD_LL_SetUSBAddress
                0x000000000800b820       0x58 USB_DEVICE/Target/usbd_conf.o
                0x000000000800b820                USBD_LL_SetUSBAddress
 .text.USBD_LL_Transmit
                0x000000000800b878       0x70 USB_DEVICE/Target/usbd_conf.o
                0x000000000800b878                USBD_LL_Transmit
 .text.USBD_LL_PrepareReceive
                0x000000000800b8e8       0x70 USB_DEVICE/Target/usbd_conf.o
                0x000000000800b8e8                USBD_LL_PrepareReceive
 .text.USBD_LL_GetRxDataSize
                0x000000000800b958       0x2c USB_DEVICE/Target/usbd_conf.o
                0x000000000800b958                USBD_LL_GetRxDataSize
 .text.USBD_static_malloc
                0x000000000800b984       0x18 USB_DEVICE/Target/usbd_conf.o
                0x000000000800b984                USBD_static_malloc
 .text.USBD_static_free
                0x000000000800b99c       0x10 USB_DEVICE/Target/usbd_conf.o
                0x000000000800b99c                USBD_static_free
 .text.SystemClockConfig_Resume
                0x000000000800b9ac        0xe USB_DEVICE/Target/usbd_conf.o
 .text.USBD_Get_USB_Status
                0x000000000800b9ba       0x6e USB_DEVICE/Target/usbd_conf.o
 .text.__errno  0x000000000800ba28        0xc c:/st/stm32cubeide_1.0.1/stm32cubeide/plugins/com.st.stm32cube.ide.mcu.externaltools.gnu-tools-for-stm32.7-2018-q2-update.win32_1.4.0.202007081208/tools/bin/../lib/gcc/arm-none-eabi/7.3.1/../../../../arm-none-eabi/lib/thumb/v6-m\libc_nano.a(lib_a-errno.o)
                0x000000000800ba28                __errno
 .text.__libc_init_array
                0x000000000800ba34       0x48 c:/st/stm32cubeide_1.0.1/stm32cubeide/plugins/com.st.stm32cube.ide.mcu.externaltools.gnu-tools-for-stm32.7-2018-q2-update.win32_1.4.0.202007081208/tools/bin/../lib/gcc/arm-none-eabi/7.3.1/../../../../arm-none-eabi/lib/thumb/v6-m\libc_nano.a(lib_a-init.o)
                0x000000000800ba34                __libc_init_array
 .text.memmove  0x000000000800ba7c       0x26 c:/st/stm32cubeide_1.0.1/stm32cubeide/plugins/com.st.stm32cube.ide.mcu.externaltools.gnu-tools-for-stm32.7-2018-q2-update.win32_1.4.0.202007081208/tools/bin/../lib/gcc/arm-none-eabi/7.3.1/../../../../arm-none-eabi/lib/thumb/v6-m\libc_nano.a(lib_a-memmove.o)
                0x000000000800ba7c                memmove
 .text.memset   0x000000000800baa2       0x10 c:/st/stm32cubeide_1.0.1/stm32cubeide/plugins/com.st.stm32cube.ide.mcu.externaltools.gnu-tools-for-stm32.7-2018-q2-update.win32_1.4.0.202007081208/tools/bin/../lib/gcc/arm-none-eabi/7.3.1/../../../../arm-none-eabi/lib/thumb/v6-m\libc_nano.a(lib_a-memset.o)
                0x000000000800baa2                memset
 .text.__cvt    0x000000000800bab2       0xc8 c:/st/stm32cubeide_1.0.1/stm32cubeide/plugins/com.st.stm32cube.ide.mcu.externaltools.gnu-tools-for-stm32.7-2018-q2-update.win32_1.4.0.202007081208/tools/bin/../lib/gcc/arm-none-eabi/7.3.1/../../../../arm-none-eabi/lib/thumb/v6-m\libc_nano.a(lib_a-nano-vfprintf_float.o)
                0x000000000800bab2                __cvt
 .text.__exponent
                0x000000000800bb7a       0x70 c:/st/stm32cubeide_1.0.1/stm32cubeide/plugins/com.st.stm32cube.ide.mcu.externaltools.gnu-tools-for-stm32.7-2018-q2-update.win32_1.4.0.202007081208/tools/bin/../lib/gcc/arm-none-eabi/7.3.1/../../../../arm-none-eabi/lib/thumb/v6-m\libc_nano.a(lib_a-nano-vfprintf_float.o)
                0x000000000800bb7a                __exponent
 *fill*         0x000000000800bbea        0x2 
 .text._printf_float
                0x000000000800bbec      0x498 c:/st/stm32cubeide_1.0.1/stm32cubeide/plugins/com.st.stm32cube.ide.mcu.externaltools.gnu-tools-for-stm32.7-2018-q2-update.win32_1.4.0.202007081208/tools/bin/../lib/gcc/arm-none-eabi/7.3.1/../../../../arm-none-eabi/lib/thumb/v6-m\libc_nano.a(lib_a-nano-vfprintf_float.o)
                0x000000000800bbec                _printf_float
 .text._printf_common
                0x000000000800c084       0xda c:/st/stm32cubeide_1.0.1/stm32cubeide/plugins/com.st.stm32cube.ide.mcu.externaltools.gnu-tools-for-stm32.7-2018-q2-update.win32_1.4.0.202007081208/tools/bin/../lib/gcc/arm-none-eabi/7.3.1/../../../../arm-none-eabi/lib/thumb/v6-m\libc_nano.a(lib_a-nano-vfprintf_i.o)
                0x000000000800c084                _printf_common
 *fill*         0x000000000800c15e        0x2 
 .text._printf_i
                0x000000000800c160      0x210 c:/st/stm32cubeide_1.0.1/stm32cubeide/plugins/com.st.stm32cube.ide.mcu.externaltools.gnu-tools-for-stm32.7-2018-q2-update.win32_1.4.0.202007081208/tools/bin/../lib/gcc/arm-none-eabi/7.3.1/../../../../arm-none-eabi/lib/thumb/v6-m\libc_nano.a(lib_a-nano-vfprintf_i.o)
                0x000000000800c160                _printf_i
 .text.printf   0x000000000800c370       0x34 c:/st/stm32cubeide_1.0.1/stm32cubeide/plugins/com.st.stm32cube.ide.mcu.externaltools.gnu-tools-for-stm32.7-2018-q2-update.win32_1.4.0.202007081208/tools/bin/../lib/gcc/arm-none-eabi/7.3.1/../../../../arm-none-eabi/lib/thumb/v6-m\libc_nano.a(lib_a-printf.o)
                0x000000000800c370                iprintf
                0x000000000800c370                printf
 .text.sprintf  0x000000000800c3a4       0x40 c:/st/stm32cubeide_1.0.1/stm32cubeide/plugins/com.st.stm32cube.ide.mcu.externaltools.gnu-tools-for-stm32.7-2018-q2-update.win32_1.4.0.202007081208/tools/bin/../lib/gcc/arm-none-eabi/7.3.1/../../../../arm-none-eabi/lib/thumb/v6-m\libc_nano.a(lib_a-sprintf.o)
                0x000000000800c3a4                siprintf
                0x000000000800c3a4                sprintf
 .text.quorem   0x000000000800c3e4      0x10c c:/st/stm32cubeide_1.0.1/stm32cubeide/plugins/com.st.stm32cube.ide.mcu.externaltools.gnu-tools-for-stm32.7-2018-q2-update.win32_1.4.0.202007081208/tools/bin/../lib/gcc/arm-none-eabi/7.3.1/../../../../arm-none-eabi/lib/thumb/v6-m\libc_nano.a(lib_a-dtoa.o)
 .text._dtoa_r  0x000000000800c4f0      0xbc0 c:/st/stm32cubeide_1.0.1/stm32cubeide/plugins/com.st.stm32cube.ide.mcu.externaltools.gnu-tools-for-stm32.7-2018-q2-update.win32_1.4.0.202007081208/tools/bin/../lib/gcc/arm-none-eabi/7.3.1/../../../../arm-none-eabi/lib/thumb/v6-m\libc_nano.a(lib_a-dtoa.o)
                0x000000000800c4f0                _dtoa_r
 .text.std      0x000000000800d0b0       0x48 c:/st/stm32cubeide_1.0.1/stm32cubeide/plugins/com.st.stm32cube.ide.mcu.externaltools.gnu-tools-for-stm32.7-2018-q2-update.win32_1.4.0.202007081208/tools/bin/../lib/gcc/arm-none-eabi/7.3.1/../../../../arm-none-eabi/lib/thumb/v6-m\libc_nano.a(lib_a-findfp.o)
 .text._cleanup_r
                0x000000000800d0f8       0x10 c:/st/stm32cubeide_1.0.1/stm32cubeide/plugins/com.st.stm32cube.ide.mcu.externaltools.gnu-tools-for-stm32.7-2018-q2-update.win32_1.4.0.202007081208/tools/bin/../lib/gcc/arm-none-eabi/7.3.1/../../../../arm-none-eabi/lib/thumb/v6-m\libc_nano.a(lib_a-findfp.o)
                0x000000000800d0f8                _cleanup_r
 .text.__sfmoreglue
                0x000000000800d108       0x2c c:/st/stm32cubeide_1.0.1/stm32cubeide/plugins/com.st.stm32cube.ide.mcu.externaltools.gnu-tools-for-stm32.7-2018-q2-update.win32_1.4.0.202007081208/tools/bin/../lib/gcc/arm-none-eabi/7.3.1/../../../../arm-none-eabi/lib/thumb/v6-m\libc_nano.a(lib_a-findfp.o)
                0x000000000800d108                __sfmoreglue
 .text.__sinit  0x000000000800d134       0x68 c:/st/stm32cubeide_1.0.1/stm32cubeide/plugins/com.st.stm32cube.ide.mcu.externaltools.gnu-tools-for-stm32.7-2018-q2-update.win32_1.4.0.202007081208/tools/bin/../lib/gcc/arm-none-eabi/7.3.1/../../../../arm-none-eabi/lib/thumb/v6-m\libc_nano.a(lib_a-findfp.o)
                0x000000000800d134                __sinit
 .text.__sfp    0x000000000800d19c       0x7c c:/st/stm32cubeide_1.0.1/stm32cubeide/plugins/com.st.stm32cube.ide.mcu.externaltools.gnu-tools-for-stm32.7-2018-q2-update.win32_1.4.0.202007081208/tools/bin/../lib/gcc/arm-none-eabi/7.3.1/../../../../arm-none-eabi/lib/thumb/v6-m\libc_nano.a(lib_a-findfp.o)
                0x000000000800d19c                __sfp
 .text._fwalk_reent
                0x000000000800d218       0x42 c:/st/stm32cubeide_1.0.1/stm32cubeide/plugins/com.st.stm32cube.ide.mcu.externaltools.gnu-tools-for-stm32.7-2018-q2-update.win32_1.4.0.202007081208/tools/bin/../lib/gcc/arm-none-eabi/7.3.1/../../../../arm-none-eabi/lib/thumb/v6-m\libc_nano.a(lib_a-fwalk.o)
                0x000000000800d218                _fwalk_reent
 *fill*         0x000000000800d25a        0x2 
 .text._localeconv_r
                0x000000000800d25c       0x18 c:/st/stm32cubeide_1.0.1/stm32cubeide/plugins/com.st.stm32cube.ide.mcu.externaltools.gnu-tools-for-stm32.7-2018-q2-update.win32_1.4.0.202007081208/tools/bin/../lib/gcc/arm-none-eabi/7.3.1/../../../../arm-none-eabi/lib/thumb/v6-m\libc_nano.a(lib_a-localeconv.o)
                0x000000000800d25c                _localeconv_r
 .text.malloc   0x000000000800d274       0x14 c:/st/stm32cubeide_1.0.1/stm32cubeide/plugins/com.st.stm32cube.ide.mcu.externaltools.gnu-tools-for-stm32.7-2018-q2-update.win32_1.4.0.202007081208/tools/bin/../lib/gcc/arm-none-eabi/7.3.1/../../../../arm-none-eabi/lib/thumb/v6-m\libc_nano.a(lib_a-malloc.o)
                0x000000000800d274                malloc
 .text.memchr   0x000000000800d288       0x16 c:/st/stm32cubeide_1.0.1/stm32cubeide/plugins/com.st.stm32cube.ide.mcu.externaltools.gnu-tools-for-stm32.7-2018-q2-update.win32_1.4.0.202007081208/tools/bin/../lib/gcc/arm-none-eabi/7.3.1/../../../../arm-none-eabi/lib/thumb/v6-m\libc_nano.a(lib_a-memchr-stub.o)
                0x000000000800d288                memchr
 .text.memcpy   0x000000000800d29e       0x12 c:/st/stm32cubeide_1.0.1/stm32cubeide/plugins/com.st.stm32cube.ide.mcu.externaltools.gnu-tools-for-stm32.7-2018-q2-update.win32_1.4.0.202007081208/tools/bin/../lib/gcc/arm-none-eabi/7.3.1/../../../../arm-none-eabi/lib/thumb/v6-m\libc_nano.a(lib_a-memcpy-stub.o)
                0x000000000800d29e                memcpy
 .text._Balloc  0x000000000800d2b0       0x70 c:/st/stm32cubeide_1.0.1/stm32cubeide/plugins/com.st.stm32cube.ide.mcu.externaltools.gnu-tools-for-stm32.7-2018-q2-update.win32_1.4.0.202007081208/tools/bin/../lib/gcc/arm-none-eabi/7.3.1/../../../../arm-none-eabi/lib/thumb/v6-m\libc_nano.a(lib_a-mprec.o)
                0x000000000800d2b0                _Balloc
 .text._Bfree   0x000000000800d320       0x32 c:/st/stm32cubeide_1.0.1/stm32cubeide/plugins/com.st.stm32cube.ide.mcu.externaltools.gnu-tools-for-stm32.7-2018-q2-update.win32_1.4.0.202007081208/tools/bin/../lib/gcc/arm-none-eabi/7.3.1/../../../../arm-none-eabi/lib/thumb/v6-m\libc_nano.a(lib_a-mprec.o)
                0x000000000800d320                _Bfree
 .text.__multadd
                0x000000000800d352       0x7c c:/st/stm32cubeide_1.0.1/stm32cubeide/plugins/com.st.stm32cube.ide.mcu.externaltools.gnu-tools-for-stm32.7-2018-q2-update.win32_1.4.0.202007081208/tools/bin/../lib/gcc/arm-none-eabi/7.3.1/../../../../arm-none-eabi/lib/thumb/v6-m\libc_nano.a(lib_a-mprec.o)
                0x000000000800d352                __multadd
 .text.__hi0bits
                0x000000000800d3ce       0x34 c:/st/stm32cubeide_1.0.1/stm32cubeide/plugins/com.st.stm32cube.ide.mcu.externaltools.gnu-tools-for-stm32.7-2018-q2-update.win32_1.4.0.202007081208/tools/bin/../lib/gcc/arm-none-eabi/7.3.1/../../../../arm-none-eabi/lib/thumb/v6-m\libc_nano.a(lib_a-mprec.o)
                0x000000000800d3ce                __hi0bits
 .text.__lo0bits
                0x000000000800d402       0x5e c:/st/stm32cubeide_1.0.1/stm32cubeide/plugins/com.st.stm32cube.ide.mcu.externaltools.gnu-tools-for-stm32.7-2018-q2-update.win32_1.4.0.202007081208/tools/bin/../lib/gcc/arm-none-eabi/7.3.1/../../../../arm-none-eabi/lib/thumb/v6-m\libc_nano.a(lib_a-mprec.o)
                0x000000000800d402                __lo0bits
 .text.__i2b    0x000000000800d460       0x12 c:/st/stm32cubeide_1.0.1/stm32cubeide/plugins/com.st.stm32cube.ide.mcu.externaltools.gnu-tools-for-stm32.7-2018-q2-update.win32_1.4.0.202007081208/tools/bin/../lib/gcc/arm-none-eabi/7.3.1/../../../../arm-none-eabi/lib/thumb/v6-m\libc_nano.a(lib_a-mprec.o)
                0x000000000800d460                __i2b
 .text.__multiply
                0x000000000800d472      0x11e c:/st/stm32cubeide_1.0.1/stm32cubeide/plugins/com.st.stm32cube.ide.mcu.externaltools.gnu-tools-for-stm32.7-2018-q2-update.win32_1.4.0.202007081208/tools/bin/../lib/gcc/arm-none-eabi/7.3.1/../../../../arm-none-eabi/lib/thumb/v6-m\libc_nano.a(lib_a-mprec.o)
                0x000000000800d472                __multiply
 .text.__pow5mult
                0x000000000800d590       0xa4 c:/st/stm32cubeide_1.0.1/stm32cubeide/plugins/com.st.stm32cube.ide.mcu.externaltools.gnu-tools-for-stm32.7-2018-q2-update.win32_1.4.0.202007081208/tools/bin/../lib/gcc/arm-none-eabi/7.3.1/../../../../arm-none-eabi/lib/thumb/v6-m\libc_nano.a(lib_a-mprec.o)
                0x000000000800d590                __pow5mult
 .text.__lshift
                0x000000000800d634       0xa4 c:/st/stm32cubeide_1.0.1/stm32cubeide/plugins/com.st.stm32cube.ide.mcu.externaltools.gnu-tools-for-stm32.7-2018-q2-update.win32_1.4.0.202007081208/tools/bin/../lib/gcc/arm-none-eabi/7.3.1/../../../../arm-none-eabi/lib/thumb/v6-m\libc_nano.a(lib_a-mprec.o)
                0x000000000800d634                __lshift
 .text.__mcmp   0x000000000800d6d8       0x34 c:/st/stm32cubeide_1.0.1/stm32cubeide/plugins/com.st.stm32cube.ide.mcu.externaltools.gnu-tools-for-stm32.7-2018-q2-update.win32_1.4.0.202007081208/tools/bin/../lib/gcc/arm-none-eabi/7.3.1/../../../../arm-none-eabi/lib/thumb/v6-m\libc_nano.a(lib_a-mprec.o)
                0x000000000800d6d8                __mcmp
 .text.__mdiff  0x000000000800d70c       0xc8 c:/st/stm32cubeide_1.0.1/stm32cubeide/plugins/com.st.stm32cube.ide.mcu.externaltools.gnu-tools-for-stm32.7-2018-q2-update.win32_1.4.0.202007081208/tools/bin/../lib/gcc/arm-none-eabi/7.3.1/../../../../arm-none-eabi/lib/thumb/v6-m\libc_nano.a(lib_a-mprec.o)
                0x000000000800d70c                __mdiff
 .text.__d2b    0x000000000800d7d4       0xa8 c:/st/stm32cubeide_1.0.1/stm32cubeide/plugins/com.st.stm32cube.ide.mcu.externaltools.gnu-tools-for-stm32.7-2018-q2-update.win32_1.4.0.202007081208/tools/bin/../lib/gcc/arm-none-eabi/7.3.1/../../../../arm-none-eabi/lib/thumb/v6-m\libc_nano.a(lib_a-mprec.o)
                0x000000000800d7d4                __d2b
 .text._calloc_r
                0x000000000800d87c       0x1c c:/st/stm32cubeide_1.0.1/stm32cubeide/plugins/com.st.stm32cube.ide.mcu.externaltools.gnu-tools-for-stm32.7-2018-q2-update.win32_1.4.0.202007081208/tools/bin/../lib/gcc/arm-none-eabi/7.3.1/../../../../arm-none-eabi/lib/thumb/v6-m\libc_nano.a(lib_a-nano-callocr.o)
                0x000000000800d87c                _calloc_r
 .text._free_r  0x000000000800d898       0x94 c:/st/stm32cubeide_1.0.1/stm32cubeide/plugins/com.st.stm32cube.ide.mcu.externaltools.gnu-tools-for-stm32.7-2018-q2-update.win32_1.4.0.202007081208/tools/bin/../lib/gcc/arm-none-eabi/7.3.1/../../../../arm-none-eabi/lib/thumb/v6-m\libc_nano.a(lib_a-nano-freer.o)
                0x000000000800d898                _free_r
 .text._malloc_r
                0x000000000800d92c       0xbc c:/st/stm32cubeide_1.0.1/stm32cubeide/plugins/com.st.stm32cube.ide.mcu.externaltools.gnu-tools-for-stm32.7-2018-q2-update.win32_1.4.0.202007081208/tools/bin/../lib/gcc/arm-none-eabi/7.3.1/../../../../arm-none-eabi/lib/thumb/v6-m\libc_nano.a(lib_a-nano-mallocr.o)
                0x000000000800d92c                _malloc_r
 .text.__ssputs_r
                0x000000000800d9e8       0xc4 c:/st/stm32cubeide_1.0.1/stm32cubeide/plugins/com.st.stm32cube.ide.mcu.externaltools.gnu-tools-for-stm32.7-2018-q2-update.win32_1.4.0.202007081208/tools/bin/../lib/gcc/arm-none-eabi/7.3.1/../../../../arm-none-eabi/lib/thumb/v6-m\libc_nano.a(lib_a-nano-svfprintf.o)
                0x000000000800d9e8                __ssputs_r
 .text._svfprintf_r
                0x000000000800daac      0x1fc c:/st/stm32cubeide_1.0.1/stm32cubeide/plugins/com.st.stm32cube.ide.mcu.externaltools.gnu-tools-for-stm32.7-2018-q2-update.win32_1.4.0.202007081208/tools/bin/../lib/gcc/arm-none-eabi/7.3.1/../../../../arm-none-eabi/lib/thumb/v6-m\libc_nano.a(lib_a-nano-svfprintf.o)
                0x000000000800daac                _svfiprintf_r
                0x000000000800daac                _svfprintf_r
 .text.__sfputc_r
                0x000000000800dca8       0x2a c:/st/stm32cubeide_1.0.1/stm32cubeide/plugins/com.st.stm32cube.ide.mcu.externaltools.gnu-tools-for-stm32.7-2018-q2-update.win32_1.4.0.202007081208/tools/bin/../lib/gcc/arm-none-eabi/7.3.1/../../../../arm-none-eabi/lib/thumb/v6-m\libc_nano.a(lib_a-nano-vfprintf.o)
 .text.__sfputs_r
                0x000000000800dcd2       0x24 c:/st/stm32cubeide_1.0.1/stm32cubeide/plugins/com.st.stm32cube.ide.mcu.externaltools.gnu-tools-for-stm32.7-2018-q2-update.win32_1.4.0.202007081208/tools/bin/../lib/gcc/arm-none-eabi/7.3.1/../../../../arm-none-eabi/lib/thumb/v6-m\libc_nano.a(lib_a-nano-vfprintf.o)
                0x000000000800dcd2                __sfputs_r
 *fill*         0x000000000800dcf6        0x2 
 .text._vfprintf_r
                0x000000000800dcf8      0x22c c:/st/stm32cubeide_1.0.1/stm32cubeide/plugins/com.st.stm32cube.ide.mcu.externaltools.gnu-tools-for-stm32.7-2018-q2-update.win32_1.4.0.202007081208/tools/bin/../lib/gcc/arm-none-eabi/7.3.1/../../../../arm-none-eabi/lib/thumb/v6-m\libc_nano.a(lib_a-nano-vfprintf.o)
                0x000000000800dcf8                _vfprintf_r
                0x000000000800dcf8                _vfiprintf_r
 .text._sbrk_r  0x000000000800df24       0x24 c:/st/stm32cubeide_1.0.1/stm32cubeide/plugins/com.st.stm32cube.ide.mcu.externaltools.gnu-tools-for-stm32.7-2018-q2-update.win32_1.4.0.202007081208/tools/bin/../lib/gcc/arm-none-eabi/7.3.1/../../../../arm-none-eabi/lib/thumb/v6-m\libc_nano.a(lib_a-sbrkr.o)
                0x000000000800df24                _sbrk_r
 .text.__sread  0x000000000800df48       0x28 c:/st/stm32cubeide_1.0.1/stm32cubeide/plugins/com.st.stm32cube.ide.mcu.externaltools.gnu-tools-for-stm32.7-2018-q2-update.win32_1.4.0.202007081208/tools/bin/../lib/gcc/arm-none-eabi/7.3.1/../../../../arm-none-eabi/lib/thumb/v6-m\libc_nano.a(lib_a-stdio.o)
                0x000000000800df48                __sread
 .text.__swrite
                0x000000000800df70       0x38 c:/st/stm32cubeide_1.0.1/stm32cubeide/plugins/com.st.stm32cube.ide.mcu.externaltools.gnu-tools-for-stm32.7-2018-q2-update.win32_1.4.0.202007081208/tools/bin/../lib/gcc/arm-none-eabi/7.3.1/../../../../arm-none-eabi/lib/thumb/v6-m\libc_nano.a(lib_a-stdio.o)
                0x000000000800df70                __swrite
 .text.__sseek  0x000000000800dfa8       0x2c c:/st/stm32cubeide_1.0.1/stm32cubeide/plugins/com.st.stm32cube.ide.mcu.externaltools.gnu-tools-for-stm32.7-2018-q2-update.win32_1.4.0.202007081208/tools/bin/../lib/gcc/arm-none-eabi/7.3.1/../../../../arm-none-eabi/lib/thumb/v6-m\libc_nano.a(lib_a-stdio.o)
                0x000000000800dfa8                __sseek
 .text.__sclose
                0x000000000800dfd4        0xc c:/st/stm32cubeide_1.0.1/stm32cubeide/plugins/com.st.stm32cube.ide.mcu.externaltools.gnu-tools-for-stm32.7-2018-q2-update.win32_1.4.0.202007081208/tools/bin/../lib/gcc/arm-none-eabi/7.3.1/../../../../arm-none-eabi/lib/thumb/v6-m\libc_nano.a(lib_a-stdio.o)
                0x000000000800dfd4                __sclose
 .text.__swbuf_r
                0x000000000800dfe0       0xac c:/st/stm32cubeide_1.0.1/stm32cubeide/plugins/com.st.stm32cube.ide.mcu.externaltools.gnu-tools-for-stm32.7-2018-q2-update.win32_1.4.0.202007081208/tools/bin/../lib/gcc/arm-none-eabi/7.3.1/../../../../arm-none-eabi/lib/thumb/v6-m\libc_nano.a(lib_a-wbuf.o)
                0x000000000800dfe0                __swbuf_r
 .text._write_r
                0x000000000800e08c       0x28 c:/st/stm32cubeide_1.0.1/stm32cubeide/plugins/com.st.stm32cube.ide.mcu.externaltools.gnu-tools-for-stm32.7-2018-q2-update.win32_1.4.0.202007081208/tools/bin/../lib/gcc/arm-none-eabi/7.3.1/../../../../arm-none-eabi/lib/thumb/v6-m\libc_nano.a(lib_a-writer.o)
                0x000000000800e08c                _write_r
 .text.__swsetup_r
                0x000000000800e0b4       0xec c:/st/stm32cubeide_1.0.1/stm32cubeide/plugins/com.st.stm32cube.ide.mcu.externaltools.gnu-tools-for-stm32.7-2018-q2-update.win32_1.4.0.202007081208/tools/bin/../lib/gcc/arm-none-eabi/7.3.1/../../../../arm-none-eabi/lib/thumb/v6-m\libc_nano.a(lib_a-wsetup.o)
                0x000000000800e0b4                __swsetup_r
 .text._close_r
                0x000000000800e1a0       0x24 c:/st/stm32cubeide_1.0.1/stm32cubeide/plugins/com.st.stm32cube.ide.mcu.externaltools.gnu-tools-for-stm32.7-2018-q2-update.win32_1.4.0.202007081208/tools/bin/../lib/gcc/arm-none-eabi/7.3.1/../../../../arm-none-eabi/lib/thumb/v6-m\libc_nano.a(lib_a-closer.o)
                0x000000000800e1a0                _close_r
 .text.__sflush_r
                0x000000000800e1c4      0x114 c:/st/stm32cubeide_1.0.1/stm32cubeide/plugins/com.st.stm32cube.ide.mcu.externaltools.gnu-tools-for-stm32.7-2018-q2-update.win32_1.4.0.202007081208/tools/bin/../lib/gcc/arm-none-eabi/7.3.1/../../../../arm-none-eabi/lib/thumb/v6-m\libc_nano.a(lib_a-fflush.o)
                0x000000000800e1c4                __sflush_r
 .text._fflush_r
                0x000000000800e2d8       0x58 c:/st/stm32cubeide_1.0.1/stm32cubeide/plugins/com.st.stm32cube.ide.mcu.externaltools.gnu-tools-for-stm32.7-2018-q2-update.win32_1.4.0.202007081208/tools/bin/../lib/gcc/arm-none-eabi/7.3.1/../../../../arm-none-eabi/lib/thumb/v6-m\libc_nano.a(lib_a-fflush.o)
                0x000000000800e2d8                _fflush_r
 .text._lseek_r
                0x000000000800e330       0x28 c:/st/stm32cubeide_1.0.1/stm32cubeide/plugins/com.st.stm32cube.ide.mcu.externaltools.gnu-tools-for-stm32.7-2018-q2-update.win32_1.4.0.202007081208/tools/bin/../lib/gcc/arm-none-eabi/7.3.1/../../../../arm-none-eabi/lib/thumb/v6-m\libc_nano.a(lib_a-lseekr.o)
                0x000000000800e330                _lseek_r
 .text.__swhatbuf_r
                0x000000000800e358       0x50 c:/st/stm32cubeide_1.0.1/stm32cubeide/plugins/com.st.stm32cube.ide.mcu.externaltools.gnu-tools-for-stm32.7-2018-q2-update.win32_1.4.0.202007081208/tools/bin/../lib/gcc/arm-none-eabi/7.3.1/../../../../arm-none-eabi/lib/thumb/v6-m\libc_nano.a(lib_a-makebuf.o)
                0x000000000800e358                __swhatbuf_r
 .text.__smakebuf_r
                0x000000000800e3a8       0x88 c:/st/stm32cubeide_1.0.1/stm32cubeide/plugins/com.st.stm32cube.ide.mcu.externaltools.gnu-tools-for-stm32.7-2018-q2-update.win32_1.4.0.202007081208/tools/bin/../lib/gcc/arm-none-eabi/7.3.1/../../../../arm-none-eabi/lib/thumb/v6-m\libc_nano.a(lib_a-makebuf.o)
                0x000000000800e3a8                __smakebuf_r
 .text.__ascii_mbtowc
                0x000000000800e430       0x24 c:/st/stm32cubeide_1.0.1/stm32cubeide/plugins/com.st.stm32cube.ide.mcu.externaltools.gnu-tools-for-stm32.7-2018-q2-update.win32_1.4.0.202007081208/tools/bin/../lib/gcc/arm-none-eabi/7.3.1/../../../../arm-none-eabi/lib/thumb/v6-m\libc_nano.a(lib_a-mbtowc_r.o)
                0x000000000800e430                __ascii_mbtowc
 .text.__malloc_lock
                0x000000000800e454        0x2 c:/st/stm32cubeide_1.0.1/stm32cubeide/plugins/com.st.stm32cube.ide.mcu.externaltools.gnu-tools-for-stm32.7-2018-q2-update.win32_1.4.0.202007081208/tools/bin/../lib/gcc/arm-none-eabi/7.3.1/../../../../arm-none-eabi/lib/thumb/v6-m\libc_nano.a(lib_a-mlock.o)
                0x000000000800e454                __malloc_lock
 .text.__malloc_unlock
                0x000000000800e456        0x2 c:/st/stm32cubeide_1.0.1/stm32cubeide/plugins/com.st.stm32cube.ide.mcu.externaltools.gnu-tools-for-stm32.7-2018-q2-update.win32_1.4.0.202007081208/tools/bin/../lib/gcc/arm-none-eabi/7.3.1/../../../../arm-none-eabi/lib/thumb/v6-m\libc_nano.a(lib_a-mlock.o)
                0x000000000800e456                __malloc_unlock
 .text._realloc_r
                0x000000000800e458       0x4c c:/st/stm32cubeide_1.0.1/stm32cubeide/plugins/com.st.stm32cube.ide.mcu.externaltools.gnu-tools-for-stm32.7-2018-q2-update.win32_1.4.0.202007081208/tools/bin/../lib/gcc/arm-none-eabi/7.3.1/../../../../arm-none-eabi/lib/thumb/v6-m\libc_nano.a(lib_a-nano-reallocr.o)
                0x000000000800e458                _realloc_r
 .text._read_r  0x000000000800e4a4       0x28 c:/st/stm32cubeide_1.0.1/stm32cubeide/plugins/com.st.stm32cube.ide.mcu.externaltools.gnu-tools-for-stm32.7-2018-q2-update.win32_1.4.0.202007081208/tools/bin/../lib/gcc/arm-none-eabi/7.3.1/../../../../arm-none-eabi/lib/thumb/v6-m\libc_nano.a(lib_a-readr.o)
                0x000000000800e4a4                _read_r
 .text.__ascii_wctomb
                0x000000000800e4cc       0x18 c:/st/stm32cubeide_1.0.1/stm32cubeide/plugins/com.st.stm32cube.ide.mcu.externaltools.gnu-tools-for-stm32.7-2018-q2-update.win32_1.4.0.202007081208/tools/bin/../lib/gcc/arm-none-eabi/7.3.1/../../../../arm-none-eabi/lib/thumb/v6-m\libc_nano.a(lib_a-wctomb_r.o)
                0x000000000800e4cc                __ascii_wctomb
 .text._fstat_r
                0x000000000800e4e4       0x24 c:/st/stm32cubeide_1.0.1/stm32cubeide/plugins/com.st.stm32cube.ide.mcu.externaltools.gnu-tools-for-stm32.7-2018-q2-update.win32_1.4.0.202007081208/tools/bin/../lib/gcc/arm-none-eabi/7.3.1/../../../../arm-none-eabi/lib/thumb/v6-m\libc_nano.a(lib_a-fstatr.o)
                0x000000000800e4e4                _fstat_r
 .text._isatty_r
                0x000000000800e508       0x24 c:/st/stm32cubeide_1.0.1/stm32cubeide/plugins/com.st.stm32cube.ide.mcu.externaltools.gnu-tools-for-stm32.7-2018-q2-update.win32_1.4.0.202007081208/tools/bin/../lib/gcc/arm-none-eabi/7.3.1/../../../../arm-none-eabi/lib/thumb/v6-m\libc_nano.a(lib_a-isattyr.o)
                0x000000000800e508                _isatty_r
 .text._malloc_usable_size_r
                0x000000000800e52c       0x10 c:/st/stm32cubeide_1.0.1/stm32cubeide/plugins/com.st.stm32cube.ide.mcu.externaltools.gnu-tools-for-stm32.7-2018-q2-update.win32_1.4.0.202007081208/tools/bin/../lib/gcc/arm-none-eabi/7.3.1/../../../../arm-none-eabi/lib/thumb/v6-m\libc_nano.a(lib_a-nano-msizer.o)
                0x000000000800e52c                _malloc_usable_size_r
 *(.glue_7)
 .glue_7        0x000000000800e53c        0x0 linker stubs
 *(.glue_7t)
 .glue_7t       0x000000000800e53c        0x0 linker stubs
 *(.eh_frame)
 .eh_frame      0x000000000800e53c        0x0 c:/st/stm32cubeide_1.0.1/stm32cubeide/plugins/com.st.stm32cube.ide.mcu.externaltools.gnu-tools-for-stm32.7-2018-q2-update.win32_1.4.0.202007081208/tools/bin/../lib/gcc/arm-none-eabi/7.3.1/thumb/v6-m/crtbegin.o
 *(.init)
 .init          0x000000000800e53c        0x4 c:/st/stm32cubeide_1.0.1/stm32cubeide/plugins/com.st.stm32cube.ide.mcu.externaltools.gnu-tools-for-stm32.7-2018-q2-update.win32_1.4.0.202007081208/tools/bin/../lib/gcc/arm-none-eabi/7.3.1/thumb/v6-m/crti.o
                0x000000000800e53c                _init
 .init          0x000000000800e540        0x8 c:/st/stm32cubeide_1.0.1/stm32cubeide/plugins/com.st.stm32cube.ide.mcu.externaltools.gnu-tools-for-stm32.7-2018-q2-update.win32_1.4.0.202007081208/tools/bin/../lib/gcc/arm-none-eabi/7.3.1/thumb/v6-m/crtn.o
 *(.fini)
 .fini          0x000000000800e548        0x4 c:/st/stm32cubeide_1.0.1/stm32cubeide/plugins/com.st.stm32cube.ide.mcu.externaltools.gnu-tools-for-stm32.7-2018-q2-update.win32_1.4.0.202007081208/tools/bin/../lib/gcc/arm-none-eabi/7.3.1/thumb/v6-m/crti.o
                0x000000000800e548                _fini
 .fini          0x000000000800e54c        0x8 c:/st/stm32cubeide_1.0.1/stm32cubeide/plugins/com.st.stm32cube.ide.mcu.externaltools.gnu-tools-for-stm32.7-2018-q2-update.win32_1.4.0.202007081208/tools/bin/../lib/gcc/arm-none-eabi/7.3.1/thumb/v6-m/crtn.o
                0x000000000800e554                . = ALIGN (0x4)
                0x000000000800e554                _etext = .

.vfp11_veneer   0x000000000800e554        0x0
 .vfp11_veneer  0x000000000800e554        0x0 linker stubs

.v4_bx          0x000000000800e554        0x0
 .v4_bx         0x000000000800e554        0x0 linker stubs

.iplt           0x000000000800e554        0x0
 .iplt          0x000000000800e554        0x0 c:/st/stm32cubeide_1.0.1/stm32cubeide/plugins/com.st.stm32cube.ide.mcu.externaltools.gnu-tools-for-stm32.7-2018-q2-update.win32_1.4.0.202007081208/tools/bin/../lib/gcc/arm-none-eabi/7.3.1/thumb/v6-m/crtbegin.o

.rodata         0x000000000800e558     0x1848
                0x000000000800e558                . = ALIGN (0x4)
 *(.rodata)
 .rodata        0x000000000800e558       0x48 Core/Src/main.o
 .rodata        0x000000000800e5a0       0x1c Core/Src/max6675.o
 .rodata        0x000000000800e5bc       0x46 USB_DEVICE/App/usbd_desc.o
 *fill*         0x000000000800e602        0x2 
 .rodata        0x000000000800e604       0x40 c:/st/stm32cubeide_1.0.1/stm32cubeide/plugins/com.st.stm32cube.ide.mcu.externaltools.gnu-tools-for-stm32.7-2018-q2-update.win32_1.4.0.202007081208/tools/bin/../lib/gcc/arm-none-eabi/7.3.1/thumb/v6-m\libgcc.a(divdf3.o)
 .rodata        0x000000000800e644       0x40 c:/st/stm32cubeide_1.0.1/stm32cubeide/plugins/com.st.stm32cube.ide.mcu.externaltools.gnu-tools-for-stm32.7-2018-q2-update.win32_1.4.0.202007081208/tools/bin/../lib/gcc/arm-none-eabi/7.3.1/thumb/v6-m\libgcc.a(muldf3.o)
 *(.rodata*)
 .rodata.Font16x26
                0x000000000800e684     0x134c Core/Inc/ssd1306_fonts.o
 .rodata.AHBPrescTable
                0x000000000800f9d0       0x10 Core/Src/system_stm32l0xx.o
                0x000000000800f9d0                AHBPrescTable
 .rodata.PLLMulTable
                0x000000000800f9e0        0x9 Core/Src/system_stm32l0xx.o
                0x000000000800f9e0                PLLMulTable
 *fill*         0x000000000800f9e9        0x3 
 .rodata.USBD_StdDevReq
                0x000000000800f9ec       0x28 Middlewares/ST/STM32_USB_Device_Library/Core/Src/usbd_ctlreq.o
 .rodata.USBD_GetDescriptor
                0x000000000800fa14       0x38 Middlewares/ST/STM32_USB_Device_Library/Core/Src/usbd_ctlreq.o
 .rodata.CDC_Control_FS
                0x000000000800fa4c       0x90 USB_DEVICE/App/usbd_cdc_if.o
 .rodata._global_impure_ptr
                0x000000000800fadc        0x4 c:/st/stm32cubeide_1.0.1/stm32cubeide/plugins/com.st.stm32cube.ide.mcu.externaltools.gnu-tools-for-stm32.7-2018-q2-update.win32_1.4.0.202007081208/tools/bin/../lib/gcc/arm-none-eabi/7.3.1/../../../../arm-none-eabi/lib/thumb/v6-m\libc_nano.a(lib_a-impure.o)
                0x000000000800fadc                _global_impure_ptr
 .rodata._printf_float.str1.1
                0x000000000800fae0       0x12 c:/st/stm32cubeide_1.0.1/stm32cubeide/plugins/com.st.stm32cube.ide.mcu.externaltools.gnu-tools-for-stm32.7-2018-q2-update.win32_1.4.0.202007081208/tools/bin/../lib/gcc/arm-none-eabi/7.3.1/../../../../arm-none-eabi/lib/thumb/v6-m\libc_nano.a(lib_a-nano-vfprintf_float.o)
 .rodata._printf_i.str1.1
                0x000000000800faf2       0x22 c:/st/stm32cubeide_1.0.1/stm32cubeide/plugins/com.st.stm32cube.ide.mcu.externaltools.gnu-tools-for-stm32.7-2018-q2-update.win32_1.4.0.202007081208/tools/bin/../lib/gcc/arm-none-eabi/7.3.1/../../../../arm-none-eabi/lib/thumb/v6-m\libc_nano.a(lib_a-nano-vfprintf_i.o)
 .rodata._dtoa_r.str1.1
                0x000000000800fb14        0xd c:/st/stm32cubeide_1.0.1/stm32cubeide/plugins/com.st.stm32cube.ide.mcu.externaltools.gnu-tools-for-stm32.7-2018-q2-update.win32_1.4.0.202007081208/tools/bin/../lib/gcc/arm-none-eabi/7.3.1/../../../../arm-none-eabi/lib/thumb/v6-m\libc_nano.a(lib_a-dtoa.o)
                                          0xf (size before relaxing)
 *fill*         0x000000000800fb21        0x3 
 .rodata.__sf_fake_stderr
                0x000000000800fb24       0x20 c:/st/stm32cubeide_1.0.1/stm32cubeide/plugins/com.st.stm32cube.ide.mcu.externaltools.gnu-tools-for-stm32.7-2018-q2-update.win32_1.4.0.202007081208/tools/bin/../lib/gcc/arm-none-eabi/7.3.1/../../../../arm-none-eabi/lib/thumb/v6-m\libc_nano.a(lib_a-findfp.o)
                0x000000000800fb24                __sf_fake_stderr
 .rodata.__sf_fake_stdin
                0x000000000800fb44       0x20 c:/st/stm32cubeide_1.0.1/stm32cubeide/plugins/com.st.stm32cube.ide.mcu.externaltools.gnu-tools-for-stm32.7-2018-q2-update.win32_1.4.0.202007081208/tools/bin/../lib/gcc/arm-none-eabi/7.3.1/../../../../arm-none-eabi/lib/thumb/v6-m\libc_nano.a(lib_a-findfp.o)
                0x000000000800fb44                __sf_fake_stdin
 .rodata.__sf_fake_stdout
                0x000000000800fb64       0x20 c:/st/stm32cubeide_1.0.1/stm32cubeide/plugins/com.st.stm32cube.ide.mcu.externaltools.gnu-tools-for-stm32.7-2018-q2-update.win32_1.4.0.202007081208/tools/bin/../lib/gcc/arm-none-eabi/7.3.1/../../../../arm-none-eabi/lib/thumb/v6-m\libc_nano.a(lib_a-findfp.o)
                0x000000000800fb64                __sf_fake_stdout
 *fill*         0x000000000800fb84        0x4 
 .rodata.__mprec_bigtens
                0x000000000800fb88       0x28 c:/st/stm32cubeide_1.0.1/stm32cubeide/plugins/com.st.stm32cube.ide.mcu.externaltools.gnu-tools-for-stm32.7-2018-q2-update.win32_1.4.0.202007081208/tools/bin/../lib/gcc/arm-none-eabi/7.3.1/../../../../arm-none-eabi/lib/thumb/v6-m\libc_nano.a(lib_a-mprec.o)
                0x000000000800fb88                __mprec_bigtens
 .rodata.__mprec_tens
                0x000000000800fbb0       0xc8 c:/st/stm32cubeide_1.0.1/stm32cubeide/plugins/com.st.stm32cube.ide.mcu.externaltools.gnu-tools-for-stm32.7-2018-q2-update.win32_1.4.0.202007081208/tools/bin/../lib/gcc/arm-none-eabi/7.3.1/../../../../arm-none-eabi/lib/thumb/v6-m\libc_nano.a(lib_a-mprec.o)
                0x000000000800fbb0                __mprec_tens
 .rodata.p05.6084
                0x000000000800fc78        0xc c:/st/stm32cubeide_1.0.1/stm32cubeide/plugins/com.st.stm32cube.ide.mcu.externaltools.gnu-tools-for-stm32.7-2018-q2-update.win32_1.4.0.202007081208/tools/bin/../lib/gcc/arm-none-eabi/7.3.1/../../../../arm-none-eabi/lib/thumb/v6-m\libc_nano.a(lib_a-mprec.o)
 .rodata._svfprintf_r.str1.1
                0x000000000800fc84       0x11 c:/st/stm32cubeide_1.0.1/stm32cubeide/plugins/com.st.stm32cube.ide.mcu.externaltools.gnu-tools-for-stm32.7-2018-q2-update.win32_1.4.0.202007081208/tools/bin/../lib/gcc/arm-none-eabi/7.3.1/../../../../arm-none-eabi/lib/thumb/v6-m\libc_nano.a(lib_a-nano-svfprintf.o)
 .rodata._vfprintf_r.str1.1
                0x000000000800fc95       0x11 c:/st/stm32cubeide_1.0.1/stm32cubeide/plugins/com.st.stm32cube.ide.mcu.externaltools.gnu-tools-for-stm32.7-2018-q2-update.win32_1.4.0.202007081208/tools/bin/../lib/gcc/arm-none-eabi/7.3.1/../../../../arm-none-eabi/lib/thumb/v6-m\libc_nano.a(lib_a-nano-vfprintf.o)
 .rodata._setlocale_r.str1.1
                0x000000000800fc95        0x8 c:/st/stm32cubeide_1.0.1/stm32cubeide/plugins/com.st.stm32cube.ide.mcu.externaltools.gnu-tools-for-stm32.7-2018-q2-update.win32_1.4.0.202007081208/tools/bin/../lib/gcc/arm-none-eabi/7.3.1/../../../../arm-none-eabi/lib/thumb/v6-m\libc_nano.a(lib_a-locale.o)
                                          0x9 (size before relaxing)
 .rodata.str1.1
                0x000000000800fc9d        0x2 c:/st/stm32cubeide_1.0.1/stm32cubeide/plugins/com.st.stm32cube.ide.mcu.externaltools.gnu-tools-for-stm32.7-2018-q2-update.win32_1.4.0.202007081208/tools/bin/../lib/gcc/arm-none-eabi/7.3.1/../../../../arm-none-eabi/lib/thumb/v6-m\libc_nano.a(lib_a-locale.o)
 .rodata._ctype_
                0x000000000800fc9f      0x101 c:/st/stm32cubeide_1.0.1/stm32cubeide/plugins/com.st.stm32cube.ide.mcu.externaltools.gnu-tools-for-stm32.7-2018-q2-update.win32_1.4.0.202007081208/tools/bin/../lib/gcc/arm-none-eabi/7.3.1/../../../../arm-none-eabi/lib/thumb/v6-m\libc_nano.a(lib_a-ctype_.o)
                0x000000000800fc9f                _ctype_
                0x000000000800fda0                . = ALIGN (0x4)

.rel.dyn        0x000000000800fda0        0x0
 .rel.iplt      0x000000000800fda0        0x0 c:/st/stm32cubeide_1.0.1/stm32cubeide/plugins/com.st.stm32cube.ide.mcu.externaltools.gnu-tools-for-stm32.7-2018-q2-update.win32_1.4.0.202007081208/tools/bin/../lib/gcc/arm-none-eabi/7.3.1/thumb/v6-m/crtbegin.o

.ARM.extab      0x000000000800fda0        0x0
                0x000000000800fda0                . = ALIGN (0x4)
 *(.ARM.extab* .gnu.linkonce.armextab.*)
                0x000000000800fda0                . = ALIGN (0x4)

.ARM            0x000000000800fda0        0x0
                0x000000000800fda0                . = ALIGN (0x4)
                0x000000000800fda0                __exidx_start = .
 *(.ARM.exidx*)
                0x000000000800fda0                __exidx_end = .
                0x000000000800fda0                . = ALIGN (0x4)

.preinit_array  0x000000000800fda0        0x0
                0x000000000800fda0                . = ALIGN (0x4)
                0x000000000800fda0                PROVIDE (__preinit_array_start = .)
 *(.preinit_array*)
                0x000000000800fda0                PROVIDE (__preinit_array_end = .)
                0x000000000800fda0                . = ALIGN (0x4)

.init_array     0x000000000800fda0        0x4
                0x000000000800fda0                . = ALIGN (0x4)
                0x000000000800fda0                PROVIDE (__init_array_start = .)
 *(SORT_BY_NAME(.init_array.*))
 *(.init_array*)
 .init_array    0x000000000800fda0        0x4 c:/st/stm32cubeide_1.0.1/stm32cubeide/plugins/com.st.stm32cube.ide.mcu.externaltools.gnu-tools-for-stm32.7-2018-q2-update.win32_1.4.0.202007081208/tools/bin/../lib/gcc/arm-none-eabi/7.3.1/thumb/v6-m/crtbegin.o
                0x000000000800fda4                PROVIDE (__init_array_end = .)
                0x000000000800fda4                . = ALIGN (0x4)

.fini_array     0x000000000800fda4        0x4
                0x000000000800fda4                . = ALIGN (0x4)
                [!provide]                        PROVIDE (__fini_array_start = .)
 *(SORT_BY_NAME(.fini_array.*))
 *(.fini_array*)
 .fini_array    0x000000000800fda4        0x4 c:/st/stm32cubeide_1.0.1/stm32cubeide/plugins/com.st.stm32cube.ide.mcu.externaltools.gnu-tools-for-stm32.7-2018-q2-update.win32_1.4.0.202007081208/tools/bin/../lib/gcc/arm-none-eabi/7.3.1/thumb/v6-m/crtbegin.o
                [!provide]                        PROVIDE (__fini_array_end = .)
                0x000000000800fda8                . = ALIGN (0x4)
                0x000000000800fda8                _sidata = LOADADDR (.data)

.data           0x0000000020000000      0x354 load address 0x000000000800fda8
                0x0000000020000000                . = ALIGN (0x4)
                0x0000000020000000                _sdata = .
 *(.data)
 *(.data*)
 .data.Font_16x26
                0x0000000020000000        0x8 Core/Inc/ssd1306_fonts.o
                0x0000000020000000                Font_16x26
 .data.SystemCoreClock
                0x0000000020000008        0x4 Core/Src/system_stm32l0xx.o
                0x0000000020000008                SystemCoreClock
 .data.uwTickPrio
                0x000000002000000c        0x4 Drivers/STM32L0xx_HAL_Driver/Src/stm32l0xx_hal.o
                0x000000002000000c                uwTickPrio
 .data.uwTickFreq
                0x0000000020000010        0x1 Drivers/STM32L0xx_HAL_Driver/Src/stm32l0xx_hal.o
                0x0000000020000010                uwTickFreq
 *fill*         0x0000000020000011        0x3 
 .data.USBD_CDC_DeviceQualifierDesc
                0x0000000020000014        0xa Middlewares/ST/STM32_USB_Device_Library/Class/CDC/Src/usbd_cdc.o
 *fill*         0x000000002000001e        0x2 
 .data.USBD_CDC
                0x0000000020000020       0x38 Middlewares/ST/STM32_USB_Device_Library/Class/CDC/Src/usbd_cdc.o
                0x0000000020000020                USBD_CDC
 .data.USBD_CDC_CfgHSDesc
                0x0000000020000058       0x43 Middlewares/ST/STM32_USB_Device_Library/Class/CDC/Src/usbd_cdc.o
                0x0000000020000058                USBD_CDC_CfgHSDesc
 *fill*         0x000000002000009b        0x1 
 .data.USBD_CDC_CfgFSDesc
                0x000000002000009c       0x43 Middlewares/ST/STM32_USB_Device_Library/Class/CDC/Src/usbd_cdc.o
                0x000000002000009c                USBD_CDC_CfgFSDesc
 *fill*         0x00000000200000df        0x1 
 .data.USBD_CDC_OtherSpeedCfgDesc
                0x00000000200000e0       0x43 Middlewares/ST/STM32_USB_Device_Library/Class/CDC/Src/usbd_cdc.o
                0x00000000200000e0                USBD_CDC_OtherSpeedCfgDesc
 *fill*         0x0000000020000123        0x1 
 .data.USBD_Interface_fops_FS
                0x0000000020000124       0x10 USB_DEVICE/App/usbd_cdc_if.o
                0x0000000020000124                USBD_Interface_fops_FS
 .data.FS_Desc  0x0000000020000134       0x1c USB_DEVICE/App/usbd_desc.o
                0x0000000020000134                FS_Desc
 .data.USBD_FS_DeviceDesc
                0x0000000020000150       0x12 USB_DEVICE/App/usbd_desc.o
                0x0000000020000150                USBD_FS_DeviceDesc
 *fill*         0x0000000020000162        0x2 
 .data.USBD_LangIDDesc
                0x0000000020000164        0x4 USB_DEVICE/App/usbd_desc.o
                0x0000000020000164                USBD_LangIDDesc
 .data.USBD_StringSerial
                0x0000000020000168       0x1a USB_DEVICE/App/usbd_desc.o
                0x0000000020000168                USBD_StringSerial
 *fill*         0x0000000020000182        0x2 
 .data._impure_ptr
                0x0000000020000184        0x4 c:/st/stm32cubeide_1.0.1/stm32cubeide/plugins/com.st.stm32cube.ide.mcu.externaltools.gnu-tools-for-stm32.7-2018-q2-update.win32_1.4.0.202007081208/tools/bin/../lib/gcc/arm-none-eabi/7.3.1/../../../../arm-none-eabi/lib/thumb/v6-m\libc_nano.a(lib_a-impure.o)
                0x0000000020000184                _impure_ptr
 .data.impure_data
                0x0000000020000188       0x60 c:/st/stm32cubeide_1.0.1/stm32cubeide/plugins/com.st.stm32cube.ide.mcu.externaltools.gnu-tools-for-stm32.7-2018-q2-update.win32_1.4.0.202007081208/tools/bin/../lib/gcc/arm-none-eabi/7.3.1/../../../../arm-none-eabi/lib/thumb/v6-m\libc_nano.a(lib_a-impure.o)
 .data.__global_locale
                0x00000000200001e8      0x16c c:/st/stm32cubeide_1.0.1/stm32cubeide/plugins/com.st.stm32cube.ide.mcu.externaltools.gnu-tools-for-stm32.7-2018-q2-update.win32_1.4.0.202007081208/tools/bin/../lib/gcc/arm-none-eabi/7.3.1/../../../../arm-none-eabi/lib/thumb/v6-m\libc_nano.a(lib_a-locale.o)
                0x00000000200001e8                __global_locale