main.c:76:6:HAL_TIM_PeriodElapsedCallback	16	static
main.c:83:7:mean	16	static
main.c:90:6:RawToFloat	24	static
main.c:101:6:PullAdc	16	static
main.c:110:6:HAL_ADC_ConvCpltCallback	32	static
main.c:127:6:DisplayData	64	static
main.c:153:5:main	8	static
main.c:211:6:SystemClock_Config	128	static
main.c:261:13:MX_ADC_Init	16	static
main.c:322:13:MX_I2C1_Init	8	static
main.c:368:13:MX_TIM2_Init	32	static
main.c:413:13:MX_USART1_UART_Init	8	static
main.c:446:13:MX_DMA_Init	16	static
main.c:464:13:MX_GPIO_Init	48	static
main.c:498:6:Error_Handler	8	static
